/opt/miniconda3/lib/python3.12/site-packages/requests/__init__.py:113: RequestsDependencyWarning: urllib3 (2.3.0) or chardet (6.0.0.post1)/charset_normalizer (3.3.2) doesn't match a supported version!
  warnings.warn(
[33mConnectivity check to the model hoster has been skipped because `PADDLE_PDX_DISABLE_MODEL_SOURCE_CHECK` is enabled.[0m
/opt/miniconda3/lib/python3.12/site-packages/pkg_resources/__init__.py:2207: UserWarning: /Volumes/T7/Developer/VisualMemory/src/._visual_memory.egg-info could not be properly decoded in UTF-8
  warnings.warn(msg)
/opt/miniconda3/lib/python3.12/site-packages/paddle/utils/cpp_extension/extension_utils.py:712: UserWarning: No ccache found. Please be aware that recompiling all source files may be required. You can download and install ccache from: https://github.com/ccache/ccache/blob/master/doc/INSTALL.md
  warnings.warn(warning_message)
[32mCreating model: ('PP-DocLayoutV3', None)[0m
[32mModel files already exist. Using cached files. To redownload, please delete the directory manually: `/Users/joeroche/.paddlex/official_models/PP-DocLayoutV3`.[0m
[32mCreating model: ('PaddleOCR-VL-1.5-0.9B', None)[0m
[32mModel files already exist. Using cached files. To redownload, please delete the directory manually: `/Users/joeroche/.paddlex/official_models/PaddleOCR-VL-1.5`.[0m
[32mLoading configuration file /Users/joeroche/.paddlex/official_models/PaddleOCR-VL-1.5/config.json[0m
[32mLoading weights file /Users/joeroche/.paddlex/official_models/PaddleOCR-VL-1.5/model.safetensors[0m
[32muse GQA - num_heads: 16- num_key_value_heads: 2[0m
[32muse GQA - num_heads: 16- num_key_value_heads: 2[0m
[32muse GQA - num_heads: 16- num_key_value_heads: 2[0m
[32muse GQA - num_heads: 16- num_key_value_heads: 2[0m
[32muse GQA - num_heads: 16- num_key_value_heads: 2[0m
[32muse GQA - num_heads: 16- num_key_value_heads: 2[0m
[32muse GQA - num_heads: 16- num_key_value_heads: 2[0m
[32muse GQA - num_heads: 16- num_key_value_heads: 2[0m
[32muse GQA - num_heads: 16- num_key_value_heads: 2[0m
[32muse GQA - num_heads: 16- num_key_value_heads: 2[0m
[32muse GQA - num_heads: 16- num_key_value_heads: 2[0m
[32muse GQA - num_heads: 16- num_key_value_heads: 2[0m
[32muse GQA - num_heads: 16- num_key_value_heads: 2[0m
[32muse GQA - num_heads: 16- num_key_value_heads: 2[0m
[32muse GQA - num_heads: 16- num_key_value_heads: 2[0m
[32muse GQA - num_heads: 16- num_key_value_heads: 2[0m
[32muse GQA - num_heads: 16- num_key_value_heads: 2[0m
[32muse GQA - num_heads: 16- num_key_value_heads: 2[0m
[32mLoaded weights file from disk, setting weights to model.[0m
[32mAll model checkpoint weights were used when initializing PaddleOCRVLForConditionalGeneration.
[0m
[32mAll the weights of PaddleOCRVLForConditionalGeneration were initialized from the model checkpoint at /Users/joeroche/.paddlex/official_models/PaddleOCR-VL-1.5.
If your task is similar to the task the model of the checkpoint was trained on, you can already use PaddleOCRVLForConditionalGeneration for predictions without further training.[0m
[32mLoading configuration file /Users/joeroche/.paddlex/official_models/PaddleOCR-VL-1.5/generation_config.json[0m
[2026-02-28 18:16:03,620] [    INFO] paddle_recognizer.py:31 - {'event': 'paddle_init', 'status': 'ready', 'message': 'PaddleOCRVL initialized successfully'}
[2026-02-28 18:16:03,729] [    INFO] config.py:112 - TensorFlow version 2.20.0 available.
[2026-02-28 18:16:04,444] [    INFO] SentenceTransformer.py:227 - Load pretrained SentenceTransformer: sentence-transformers/all-MiniLM-L6-v2
[2026-02-28 18:16:04,643] [    INFO] _client.py:1025 - HTTP Request: HEAD https://huggingface.co/sentence-transformers/all-MiniLM-L6-v2/resolve/main/modules.json "HTTP/1.1 307 Temporary Redirect"
[2026-02-28 18:16:04,660] [    INFO] _client.py:1025 - HTTP Request: HEAD https://huggingface.co/api/resolve-cache/models/sentence-transformers/all-MiniLM-L6-v2/c9745ed1d9f207416be6d2e6f8de32d1f16199bf/modules.json "HTTP/1.1 200 OK"
[2026-02-28 18:16:04,709] [    INFO] _client.py:1025 - HTTP Request: HEAD https://huggingface.co/sentence-transformers/all-MiniLM-L6-v2/resolve/main/config_sentence_transformers.json "HTTP/1.1 307 Temporary Redirect"
[2026-02-28 18:16:04,740] [    INFO] _client.py:1025 - HTTP Request: HEAD https://huggingface.co/api/resolve-cache/models/sentence-transformers/all-MiniLM-L6-v2/c9745ed1d9f207416be6d2e6f8de32d1f16199bf/config_sentence_transformers.json "HTTP/1.1 200 OK"
[2026-02-28 18:16:04,789] [    INFO] _client.py:1025 - HTTP Request: HEAD https://huggingface.co/sentence-transformers/all-MiniLM-L6-v2/resolve/main/config_sentence_transformers.json "HTTP/1.1 307 Temporary Redirect"
[2026-02-28 18:16:04,812] [    INFO] _client.py:1025 - HTTP Request: HEAD https://huggingface.co/api/resolve-cache/models/sentence-transformers/all-MiniLM-L6-v2/c9745ed1d9f207416be6d2e6f8de32d1f16199bf/config_sentence_transformers.json "HTTP/1.1 200 OK"
[2026-02-28 18:16:04,858] [    INFO] _client.py:1025 - HTTP Request: HEAD https://huggingface.co/sentence-transformers/all-MiniLM-L6-v2/resolve/main/README.md "HTTP/1.1 307 Temporary Redirect"
[2026-02-28 18:16:04,917] [    INFO] _client.py:1025 - HTTP Request: HEAD https://huggingface.co/api/resolve-cache/models/sentence-transformers/all-MiniLM-L6-v2/c9745ed1d9f207416be6d2e6f8de32d1f16199bf/README.md "HTTP/1.1 200 OK"
[2026-02-28 18:16:04,975] [    INFO] _client.py:1025 - HTTP Request: HEAD https://huggingface.co/sentence-transformers/all-MiniLM-L6-v2/resolve/main/modules.json "HTTP/1.1 307 Temporary Redirect"
[2026-02-28 18:16:05,003] [    INFO] _client.py:1025 - HTTP Request: HEAD https://huggingface.co/api/resolve-cache/models/sentence-transformers/all-MiniLM-L6-v2/c9745ed1d9f207416be6d2e6f8de32d1f16199bf/modules.json "HTTP/1.1 200 OK"
[2026-02-28 18:16:05,075] [    INFO] _client.py:1025 - HTTP Request: HEAD https://huggingface.co/sentence-transformers/all-MiniLM-L6-v2/resolve/main/sentence_bert_config.json "HTTP/1.1 307 Temporary Redirect"
[2026-02-28 18:16:05,101] [    INFO] _client.py:1025 - HTTP Request: HEAD https://huggingface.co/api/resolve-cache/models/sentence-transformers/all-MiniLM-L6-v2/c9745ed1d9f207416be6d2e6f8de32d1f16199bf/sentence_bert_config.json "HTTP/1.1 200 OK"
[2026-02-28 18:16:05,142] [    INFO] _client.py:1025 - HTTP Request: HEAD https://huggingface.co/sentence-transformers/all-MiniLM-L6-v2/resolve/main/adapter_config.json "HTTP/1.1 404 Not Found"
[2026-02-28 18:16:05,975] [    INFO] _client.py:1025 - HTTP Request: HEAD https://huggingface.co/sentence-transformers/all-MiniLM-L6-v2/resolve/main/config.json "HTTP/1.1 307 Temporary Redirect"
[2026-02-28 18:16:05,999] [    INFO] _client.py:1025 - HTTP Request: HEAD https://huggingface.co/api/resolve-cache/models/sentence-transformers/all-MiniLM-L6-v2/c9745ed1d9f207416be6d2e6f8de32d1f16199bf/config.json "HTTP/1.1 200 OK"
[2026-02-28 18:16:06,230] [    INFO] _client.py:1025 - HTTP Request: HEAD https://huggingface.co/sentence-transformers/all-MiniLM-L6-v2/resolve/main/config.json "HTTP/1.1 307 Temporary Redirect"
[2026-02-28 18:16:06,245] [    INFO] _client.py:1025 - HTTP Request: HEAD https://huggingface.co/api/resolve-cache/models/sentence-transformers/all-MiniLM-L6-v2/c9745ed1d9f207416be6d2e6f8de32d1f16199bf/config.json "HTTP/1.1 200 OK"
[2026-02-28 18:16:06,304] [    INFO] _client.py:1025 - HTTP Request: HEAD https://huggingface.co/sentence-transformers/all-MiniLM-L6-v2/resolve/main/tokenizer_config.json "HTTP/1.1 307 Temporary Redirect"
[2026-02-28 18:16:06,323] [    INFO] _client.py:1025 - HTTP Request: HEAD https://huggingface.co/api/resolve-cache/models/sentence-transformers/all-MiniLM-L6-v2/c9745ed1d9f207416be6d2e6f8de32d1f16199bf/tokenizer_config.json "HTTP/1.1 200 OK"
[2026-02-28 18:16:06,373] [    INFO] _client.py:1025 - HTTP Request: GET https://huggingface.co/api/models/sentence-transformers/all-MiniLM-L6-v2/tree/main/additional_chat_templates?recursive=false&expand=false "HTTP/1.1 404 Not Found"
[2026-02-28 18:16:06,446] [    INFO] _client.py:1025 - HTTP Request: GET https://huggingface.co/api/models/sentence-transformers/all-MiniLM-L6-v2/tree/main?recursive=true&expand=false "HTTP/1.1 200 OK"
[2026-02-28 18:16:06,546] [    INFO] _client.py:1025 - HTTP Request: HEAD https://huggingface.co/sentence-transformers/all-MiniLM-L6-v2/resolve/main/1_Pooling/config.json "HTTP/1.1 307 Temporary Redirect"
[2026-02-28 18:16:06,561] [    INFO] _client.py:1025 - HTTP Request: HEAD https://huggingface.co/api/resolve-cache/models/sentence-transformers/all-MiniLM-L6-v2/c9745ed1d9f207416be6d2e6f8de32d1f16199bf/1_Pooling%2Fconfig.json "HTTP/1.1 200 OK"
[2026-02-28 18:16:06,610] [    INFO] _client.py:1025 - HTTP Request: GET https://huggingface.co/api/models/sentence-transformers/all-MiniLM-L6-v2 "HTTP/1.1 200 OK"
[2026-02-28 18:26:18,785] [   DEBUG] paddle_recognizer.py:56 - {'event': 'paddle_recognize_start', 'image_size': (863, 913), 'temp_file': '/var/folders/cq/pxj2xz5x0jq8c37z458xcfmw0000gn/T/tmpuub67n2k.png'}
[2026-02-28 18:26:23,874] [   DEBUG] paddle_recognizer.py:65 - {'event': 'paddle_predict_result', 'results_type': 'list', 'results_length': 1, 'results_is_none': False}
[2026-02-28 18:26:23,882] [   DEBUG] paddle_recognizer.py:77 - {'event': 'paddle_result_structure', 'result_index': 0, 'result_type': 'PaddleOCRVLResult', 'has_print_method': True, 'has_save_to_json': True}
[2026-02-28 18:26:23,938] [   DEBUG] paddle_recognizer.py:98 - {'event': 'paddle_json_export', 'result_index': 0, 'json_keys': ['input_path', 'page_index', 'page_count', 'width', 'height', 'model_settings', 'parsing_res_list', 'layout_det_res']}
[2026-02-28 18:26:23,939] [   DEBUG] paddle_recognizer.py:128 - {'event': 'paddle_extraction_complete', 'segments_count': 0, 'segments_sample': []}
[2026-02-28 18:26:23,940] [    INFO] paddle_recognizer.py:137 - {'event': 'text_recognition', 'engine': 'paddle', 'status': 'no_segments', 'text_length': 0, 'segment_count': 0, 'avg_confidence': 0.0}
[2026-02-28 18:26:23,949] [    INFO] pipeline.py:75 - {'event': 'remember_ocr', 'label': 'small rectangular wallet', 'ocr_text_length': 0, 'ocr_confidence': 0.0, 'has_text_embedding': False}
[2026-02-28 18:26:29,842] [    INFO] _client.py:1025 - HTTP Request: HEAD https://huggingface.co/facebook/dinov3-vitl16-pretrain-lvd1689m/resolve/main/processor_config.json "HTTP/1.1 404 Not Found"
[2026-02-28 18:26:29,897] [    INFO] _client.py:1025 - HTTP Request: HEAD https://huggingface.co/facebook/dinov3-vitl16-pretrain-lvd1689m/resolve/main/preprocessor_config.json "HTTP/1.1 200 OK"
[2026-02-28 18:26:29,956] [    INFO] _client.py:1025 - HTTP Request: HEAD https://huggingface.co/facebook/dinov3-vitl16-pretrain-lvd1689m/resolve/main/processor_config.json "HTTP/1.1 404 Not Found"
[2026-02-28 18:26:30,001] [    INFO] _client.py:1025 - HTTP Request: HEAD https://huggingface.co/facebook/dinov3-vitl16-pretrain-lvd1689m/resolve/main/preprocessor_config.json "HTTP/1.1 200 OK"
[2026-02-28 18:26:30,044] [    INFO] _client.py:1025 - HTTP Request: HEAD https://huggingface.co/facebook/dinov3-vitl16-pretrain-lvd1689m/resolve/main/config.json "HTTP/1.1 200 OK"
[2026-02-28 18:27:12,654] [    INFO] paddle_recognizer.py:23 - {'event': 'paddle_init', 'status': 'initializing', 'message': 'Loading PaddleOCRVL model'}
[32mCreating model: ('PP-DocLayoutV3', None)[0m
[32mModel files already exist. Using cached files. To redownload, please delete the directory manually: `/Users/joeroche/.paddlex/official_models/PP-DocLayoutV3`.[0m
[32mCreating model: ('PaddleOCR-VL-1.5-0.9B', None)[0m
[32mModel files already exist. Using cached files. To redownload, please delete the directory manually: `/Users/joeroche/.paddlex/official_models/PaddleOCR-VL-1.5`.[0m
[32mLoading configuration file /Users/joeroche/.paddlex/official_models/PaddleOCR-VL-1.5/config.json[0m
[32mLoading weights file /Users/joeroche/.paddlex/official_models/PaddleOCR-VL-1.5/model.safetensors[0m
[32muse GQA - num_heads: 16- num_key_value_heads: 2[0m
[32muse GQA - num_heads: 16- num_key_value_heads: 2[0m
[32muse GQA - num_heads: 16- num_key_value_heads: 2[0m
[32muse GQA - num_heads: 16- num_key_value_heads: 2[0m
[32muse GQA - num_heads: 16- num_key_value_heads: 2[0m
[32muse GQA - num_heads: 16- num_key_value_heads: 2[0m
[32muse GQA - num_heads: 16- num_key_value_heads: 2[0m
[32muse GQA - num_heads: 16- num_key_value_heads: 2[0m
[32muse GQA - num_heads: 16- num_key_value_heads: 2[0m
[32muse GQA - num_heads: 16- num_key_value_heads: 2[0m
[32muse GQA - num_heads: 16- num_key_value_heads: 2[0m
[32muse GQA - num_heads: 16- num_key_value_heads: 2[0m
[32muse GQA - num_heads: 16- num_key_value_heads: 2[0m
[32muse GQA - num_heads: 16- num_key_value_heads: 2[0m
[32muse GQA - num_heads: 16- num_key_value_heads: 2[0m
[32muse GQA - num_heads: 16- num_key_value_heads: 2[0m
[32muse GQA - num_heads: 16- num_key_value_heads: 2[0m
[32muse GQA - num_heads: 16- num_key_value_heads: 2[0m
[32mLoaded weights file from disk, setting weights to model.[0m
[32mAll model checkpoint weights were used when initializing PaddleOCRVLForConditionalGeneration.
[0m
[32mAll the weights of PaddleOCRVLForConditionalGeneration were initialized from the model checkpoint at /Users/joeroche/.paddlex/official_models/PaddleOCR-VL-1.5.
If your task is similar to the task the model of the checkpoint was trained on, you can already use PaddleOCRVLForConditionalGeneration for predictions without further training.[0m
[32mLoading configuration file /Users/joeroche/.paddlex/official_models/PaddleOCR-VL-1.5/generation_config.json[0m
[2026-02-28 18:28:49,029] [    INFO] paddle_recognizer.py:31 - {'event': 'paddle_init', 'status': 'ready', 'message': 'PaddleOCRVL initialized successfully'}
[2026-02-28 18:28:49,355] [    INFO] SentenceTransformer.py:227 - Load pretrained SentenceTransformer: sentence-transformers/all-MiniLM-L6-v2
[2026-02-28 18:28:50,269] [    INFO] _client.py:1025 - HTTP Request: HEAD https://huggingface.co/sentence-transformers/all-MiniLM-L6-v2/resolve/main/modules.json "HTTP/1.1 307 Temporary Redirect"
[2026-02-28 18:28:50,490] [    INFO] _client.py:1025 - HTTP Request: HEAD https://huggingface.co/api/resolve-cache/models/sentence-transformers/all-MiniLM-L6-v2/c9745ed1d9f207416be6d2e6f8de32d1f16199bf/modules.json "HTTP/1.1 200 OK"
[2026-02-28 18:28:50,624] [    INFO] _client.py:1025 - HTTP Request: HEAD https://huggingface.co/sentence-transformers/all-MiniLM-L6-v2/resolve/main/config_sentence_transformers.json "HTTP/1.1 307 Temporary Redirect"
[2026-02-28 18:28:50,691] [    INFO] _client.py:1025 - HTTP Request: HEAD https://huggingface.co/api/resolve-cache/models/sentence-transformers/all-MiniLM-L6-v2/c9745ed1d9f207416be6d2e6f8de32d1f16199bf/config_sentence_transformers.json "HTTP/1.1 200 OK"
[2026-02-28 18:28:50,958] [    INFO] _client.py:1025 - HTTP Request: HEAD https://huggingface.co/sentence-transformers/all-MiniLM-L6-v2/resolve/main/config_sentence_transformers.json "HTTP/1.1 307 Temporary Redirect"
[2026-02-28 18:28:51,055] [    INFO] _client.py:1025 - HTTP Request: HEAD https://huggingface.co/api/resolve-cache/models/sentence-transformers/all-MiniLM-L6-v2/c9745ed1d9f207416be6d2e6f8de32d1f16199bf/config_sentence_transformers.json "HTTP/1.1 200 OK"
[2026-02-28 18:28:51,610] [    INFO] _client.py:1025 - HTTP Request: HEAD https://huggingface.co/sentence-transformers/all-MiniLM-L6-v2/resolve/main/README.md "HTTP/1.1 307 Temporary Redirect"
[2026-02-28 18:28:52,086] [    INFO] _client.py:1025 - HTTP Request: HEAD https://huggingface.co/api/resolve-cache/models/sentence-transformers/all-MiniLM-L6-v2/c9745ed1d9f207416be6d2e6f8de32d1f16199bf/README.md "HTTP/1.1 200 OK"
[2026-02-28 18:28:52,197] [    INFO] _client.py:1025 - HTTP Request: HEAD https://huggingface.co/sentence-transformers/all-MiniLM-L6-v2/resolve/main/modules.json "HTTP/1.1 307 Temporary Redirect"
[2026-02-28 18:28:52,576] [    INFO] _client.py:1025 - HTTP Request: HEAD https://huggingface.co/api/resolve-cache/models/sentence-transformers/all-MiniLM-L6-v2/c9745ed1d9f207416be6d2e6f8de32d1f16199bf/modules.json "HTTP/1.1 200 OK"
[2026-02-28 18:28:52,805] [    INFO] _client.py:1025 - HTTP Request: HEAD https://huggingface.co/sentence-transformers/all-MiniLM-L6-v2/resolve/main/sentence_bert_config.json "HTTP/1.1 307 Temporary Redirect"
[2026-02-28 18:28:53,403] [    INFO] _client.py:1025 - HTTP Request: HEAD https://huggingface.co/api/resolve-cache/models/sentence-transformers/all-MiniLM-L6-v2/c9745ed1d9f207416be6d2e6f8de32d1f16199bf/sentence_bert_config.json "HTTP/1.1 200 OK"
[2026-02-28 18:28:53,511] [    INFO] _client.py:1025 - HTTP Request: HEAD https://huggingface.co/sentence-transformers/all-MiniLM-L6-v2/resolve/main/adapter_config.json "HTTP/1.1 404 Not Found"
[2026-02-28 18:28:54,093] [    INFO] _client.py:1025 - HTTP Request: HEAD https://huggingface.co/sentence-transformers/all-MiniLM-L6-v2/resolve/main/config.json "HTTP/1.1 307 Temporary Redirect"
[2026-02-28 18:28:54,557] [    INFO] _client.py:1025 - HTTP Request: HEAD https://huggingface.co/api/resolve-cache/models/sentence-transformers/all-MiniLM-L6-v2/c9745ed1d9f207416be6d2e6f8de32d1f16199bf/config.json "HTTP/1.1 200 OK"
[2026-02-28 18:28:55,145] [    INFO] _client.py:1025 - HTTP Request: HEAD https://huggingface.co/sentence-transformers/all-MiniLM-L6-v2/resolve/main/config.json "HTTP/1.1 307 Temporary Redirect"
[2026-02-28 18:28:55,315] [    INFO] _client.py:1025 - HTTP Request: HEAD https://huggingface.co/api/resolve-cache/models/sentence-transformers/all-MiniLM-L6-v2/c9745ed1d9f207416be6d2e6f8de32d1f16199bf/config.json "HTTP/1.1 200 OK"
[2026-02-28 18:28:55,461] [    INFO] _client.py:1025 - HTTP Request: HEAD https://huggingface.co/sentence-transformers/all-MiniLM-L6-v2/resolve/main/tokenizer_config.json "HTTP/1.1 307 Temporary Redirect"
[2026-02-28 18:28:55,518] [    INFO] _client.py:1025 - HTTP Request: HEAD https://huggingface.co/api/resolve-cache/models/sentence-transformers/all-MiniLM-L6-v2/c9745ed1d9f207416be6d2e6f8de32d1f16199bf/tokenizer_config.json "HTTP/1.1 200 OK"
[2026-02-28 18:28:55,640] [    INFO] _client.py:1025 - HTTP Request: GET https://huggingface.co/api/models/sentence-transformers/all-MiniLM-L6-v2/tree/main/additional_chat_templates?recursive=false&expand=false "HTTP/1.1 404 Not Found"
[2026-02-28 18:28:55,721] [    INFO] _client.py:1025 - HTTP Request: GET https://huggingface.co/api/models/sentence-transformers/all-MiniLM-L6-v2/tree/main?recursive=true&expand=false "HTTP/1.1 200 OK"
[2026-02-28 18:28:56,044] [    INFO] _client.py:1025 - HTTP Request: HEAD https://huggingface.co/sentence-transformers/all-MiniLM-L6-v2/resolve/main/1_Pooling/config.json "HTTP/1.1 307 Temporary Redirect"
[2026-02-28 18:28:56,229] [    INFO] _client.py:1025 - HTTP Request: HEAD https://huggingface.co/api/resolve-cache/models/sentence-transformers/all-MiniLM-L6-v2/c9745ed1d9f207416be6d2e6f8de32d1f16199bf/1_Pooling%2Fconfig.json "HTTP/1.1 200 OK"
[2026-02-28 18:28:56,400] [    INFO] _client.py:1025 - HTTP Request: GET https://huggingface.co/api/models/sentence-transformers/all-MiniLM-L6-v2 "HTTP/1.1 200 OK"
[2026-02-28 18:29:43,314] [    INFO] vit_factory.py:123 - Module(
  (model): VisionTransformer(
    (patch_embed): PatchEmbed(
      (proj): Conv2d(3, 1024, kernel_size=(16, 16), stride=(16, 16))
      (norm): Identity()
    )
    (pos_drop): Dropout(p=0.0, inplace=False)
    (patch_drop): Identity()
    (norm_pre): Identity()
    (blocks): Sequential(
      (0): Block(
        (norm1): LayerNorm((1024,), eps=1e-06, elementwise_affine=True)
        (attn): Attention(
          (qkv): Linear(in_features=1024, out_features=3072, bias=True)
          (q_norm): Identity()
          (k_norm): Identity()
          (attn_drop): Dropout(p=0.0, inplace=False)
          (norm): Identity()
          (proj): Linear(in_features=1024, out_features=1024, bias=True)
          (proj_drop): Dropout(p=0.0, inplace=False)
        )
        (ls1): LayerScale()
        (drop_path1): Identity()
        (norm2): LayerNorm((1024,), eps=1e-06, elementwise_affine=True)
        (mlp): Mlp(
          (fc1): Linear(in_features=1024, out_features=4096, bias=True)
          (act): GELU(approximate='none')
          (drop1): Dropout(p=0.0, inplace=False)
          (norm): Identity()
          (fc2): Linear(in_features=4096, out_features=1024, bias=True)
          (drop2): Dropout(p=0.0, inplace=False)
        )
        (ls2): LayerScale()
        (drop_path2): Identity()
      )
      (1): Block(
        (norm1): LayerNorm((1024,), eps=1e-06, elementwise_affine=True)
        (attn): Attention(
          (qkv): Linear(in_features=1024, out_features=3072, bias=True)
          (q_norm): Identity()
          (k_norm): Identity()
          (attn_drop): Dropout(p=0.0, inplace=False)
          (norm): Identity()
          (proj): Linear(in_features=1024, out_features=1024, bias=True)
          (proj_drop): Dropout(p=0.0, inplace=False)
        )
        (ls1): LayerScale()
        (drop_path1): Identity()
        (norm2): LayerNorm((1024,), eps=1e-06, elementwise_affine=True)
        (mlp): Mlp(
          (fc1): Linear(in_features=1024, out_features=4096, bias=True)
          (act): GELU(approximate='none')
          (drop1): Dropout(p=0.0, inplace=False)
          (norm): Identity()
          (fc2): Linear(in_features=4096, out_features=1024, bias=True)
          (drop2): Dropout(p=0.0, inplace=False)
        )
        (ls2): LayerScale()
        (drop_path2): Identity()
      )
      (2): Block(
        (norm1): LayerNorm((1024,), eps=1e-06, elementwise_affine=True)
        (attn): Attention(
          (qkv): Linear(in_features=1024, out_features=3072, bias=True)
          (q_norm): Identity()
          (k_norm): Identity()
          (attn_drop): Dropout(p=0.0, inplace=False)
          (norm): Identity()
          (proj): Linear(in_features=1024, out_features=1024, bias=True)
          (proj_drop): Dropout(p=0.0, inplace=False)
        )
        (ls1): LayerScale()
        (drop_path1): Identity()
        (norm2): LayerNorm((1024,), eps=1e-06, elementwise_affine=True)
        (mlp): Mlp(
          (fc1): Linear(in_features=1024, out_features=4096, bias=True)
          (act): GELU(approximate='none')
          (drop1): Dropout(p=0.0, inplace=False)
          (norm): Identity()
          (fc2): Linear(in_features=4096, out_features=1024, bias=True)
          (drop2): Dropout(p=0.0, inplace=False)
        )
        (ls2): LayerScale()
        (drop_path2): Identity()
      )
      (3): Block(
        (norm1): LayerNorm((1024,), eps=1e-06, elementwise_affine=True)
        (attn): Attention(
          (qkv): Linear(in_features=1024, out_features=3072, bias=True)
          (q_norm): Identity()
          (k_norm): Identity()
          (attn_drop): Dropout(p=0.0, inplace=False)
          (norm): Identity()
          (proj): Linear(in_features=1024, out_features=1024, bias=True)
          (proj_drop): Dropout(p=0.0, inplace=False)
        )
        (ls1): LayerScale()
        (drop_path1): Identity()
        (norm2): LayerNorm((1024,), eps=1e-06, elementwise_affine=True)
        (mlp): Mlp(
          (fc1): Linear(in_features=1024, out_features=4096, bias=True)
          (act): GELU(approximate='none')
          (drop1): Dropout(p=0.0, inplace=False)
          (norm): Identity()
          (fc2): Linear(in_features=4096, out_features=1024, bias=True)
          (drop2): Dropout(p=0.0, inplace=False)
        )
        (ls2): LayerScale()
        (drop_path2): Identity()
      )
      (4): Block(
        (norm1): LayerNorm((1024,), eps=1e-06, elementwise_affine=True)
        (attn): Attention(
          (qkv): Linear(in_features=1024, out_features=3072, bias=True)
          (q_norm): Identity()
          (k_norm): Identity()
          (attn_drop): Dropout(p=0.0, inplace=False)
          (norm): Identity()
          (proj): Linear(in_features=1024, out_features=1024, bias=True)
          (proj_drop): Dropout(p=0.0, inplace=False)
        )
        (ls1): LayerScale()
        (drop_path1): Identity()
        (norm2): LayerNorm((1024,), eps=1e-06, elementwise_affine=True)
        (mlp): Mlp(
          (fc1): Linear(in_features=1024, out_features=4096, bias=True)
          (act): GELU(approximate='none')
          (drop1): Dropout(p=0.0, inplace=False)
          (norm): Identity()
          (fc2): Linear(in_features=4096, out_features=1024, bias=True)
          (drop2): Dropout(p=0.0, inplace=False)
        )
        (ls2): LayerScale()
        (drop_path2): Identity()
      )
      (5): Block(
        (norm1): LayerNorm((1024,), eps=1e-06, elementwise_affine=True)
        (attn): Attention(
          (qkv): Linear(in_features=1024, out_features=3072, bias=True)
          (q_norm): Identity()
          (k_norm): Identity()
          (attn_drop): Dropout(p=0.0, inplace=False)
          (norm): Identity()
          (proj): Linear(in_features=1024, out_features=1024, bias=True)
          (proj_drop): Dropout(p=0.0, inplace=False)
        )
        (ls1): LayerScale()
        (drop_path1): Identity()
        (norm2): LayerNorm((1024,), eps=1e-06, elementwise_affine=True)
        (mlp): Mlp(
          (fc1): Linear(in_features=1024, out_features=4096, bias=True)
          (act): GELU(approximate='none')
          (drop1): Dropout(p=0.0, inplace=False)
          (norm): Identity()
          (fc2): Linear(in_features=4096, out_features=1024, bias=True)
          (drop2): Dropout(p=0.0, inplace=False)
        )
        (ls2): LayerScale()
        (drop_path2): Identity()
      )
      (6): Block(
        (norm1): LayerNorm((1024,), eps=1e-06, elementwise_affine=True)
        (attn): Attention(
          (qkv): Linear(in_features=1024, out_features=3072, bias=True)
          (q_norm): Identity()
          (k_norm): Identity()
          (attn_drop): Dropout(p=0.0, inplace=False)
          (norm): Identity()
          (proj): Linear(in_features=1024, out_features=1024, bias=True)
          (proj_drop): Dropout(p=0.0, inplace=False)
        )
        (ls1): LayerScale()
        (drop_path1): Identity()
        (norm2): LayerNorm((1024,), eps=1e-06, elementwise_affine=True)
        (mlp): Mlp(
          (fc1): Linear(in_features=1024, out_features=4096, bias=True)
          (act): GELU(approximate='none')
          (drop1): Dropout(p=0.0, inplace=False)
          (norm): Identity()
          (fc2): Linear(in_features=4096, out_features=1024, bias=True)
          (drop2): Dropout(p=0.0, inplace=False)
        )
        (ls2): LayerScale()
        (drop_path2): Identity()
      )
      (7): Block(
        (norm1): LayerNorm((1024,), eps=1e-06, elementwise_affine=True)
        (attn): Attention(
          (qkv): Linear(in_features=1024, out_features=3072, bias=True)
          (q_norm): Identity()
          (k_norm): Identity()
          (attn_drop): Dropout(p=0.0, inplace=False)
          (norm): Identity()
          (proj): Linear(in_features=1024, out_features=1024, bias=True)
          (proj_drop): Dropout(p=0.0, inplace=False)
        )
        (ls1): LayerScale()
        (drop_path1): Identity()
        (norm2): LayerNorm((1024,), eps=1e-06, elementwise_affine=True)
        (mlp): Mlp(
          (fc1): Linear(in_features=1024, out_features=4096, bias=True)
          (act): GELU(approximate='none')
          (drop1): Dropout(p=0.0, inplace=False)
          (norm): Identity()
          (fc2): Linear(in_features=4096, out_features=1024, bias=True)
          (drop2): Dropout(p=0.0, inplace=False)
        )
        (ls2): LayerScale()
        (drop_path2): Identity()
      )
      (8): Block(
        (norm1): LayerNorm((1024,), eps=1e-06, elementwise_affine=True)
        (attn): Attention(
          (qkv): Linear(in_features=1024, out_features=3072, bias=True)
          (q_norm): Identity()
          (k_norm): Identity()
          (attn_drop): Dropout(p=0.0, inplace=False)
          (norm): Identity()
          (proj): Linear(in_features=1024, out_features=1024, bias=True)
          (proj_drop): Dropout(p=0.0, inplace=False)
        )
        (ls1): LayerScale()
        (drop_path1): Identity()
        (norm2): LayerNorm((1024,), eps=1e-06, elementwise_affine=True)
        (mlp): Mlp(
          (fc1): Linear(in_features=1024, out_features=4096, bias=True)
          (act): GELU(approximate='none')
          (drop1): Dropout(p=0.0, inplace=False)
          (norm): Identity()
          (fc2): Linear(in_features=4096, out_features=1024, bias=True)
          (drop2): Dropout(p=0.0, inplace=False)
        )
        (ls2): LayerScale()
        (drop_path2): Identity()
      )
      (9): Block(
        (norm1): LayerNorm((1024,), eps=1e-06, elementwise_affine=True)
        (attn): Attention(
          (qkv): Linear(in_features=1024, out_features=3072, bias=True)
          (q_norm): Identity()
          (k_norm): Identity()
          (attn_drop): Dropout(p=0.0, inplace=False)
          (norm): Identity()
          (proj): Linear(in_features=1024, out_features=1024, bias=True)
          (proj_drop): Dropout(p=0.0, inplace=False)
        )
        (ls1): LayerScale()
        (drop_path1): Identity()
        (norm2): LayerNorm((1024,), eps=1e-06, elementwise_affine=True)
        (mlp): Mlp(
          (fc1): Linear(in_features=1024, out_features=4096, bias=True)
          (act): GELU(approximate='none')
          (drop1): Dropout(p=0.0, inplace=False)
          (norm): Identity()
          (fc2): Linear(in_features=4096, out_features=1024, bias=True)
          (drop2): Dropout(p=0.0, inplace=False)
        )
        (ls2): LayerScale()
        (drop_path2): Identity()
      )
      (10): Block(
        (norm1): LayerNorm((1024,), eps=1e-06, elementwise_affine=True)
        (attn): Attention(
          (qkv): Linear(in_features=1024, out_features=3072, bias=True)
          (q_norm): Identity()
          (k_norm): Identity()
          (attn_drop): Dropout(p=0.0, inplace=False)
          (norm): Identity()
          (proj): Linear(in_features=1024, out_features=1024, bias=True)
          (proj_drop): Dropout(p=0.0, inplace=False)
        )
        (ls1): LayerScale()
        (drop_path1): Identity()
        (norm2): LayerNorm((1024,), eps=1e-06, elementwise_affine=True)
        (mlp): Mlp(
          (fc1): Linear(in_features=1024, out_features=4096, bias=True)
          (act): GELU(approximate='none')
          (drop1): Dropout(p=0.0, inplace=False)
          (norm): Identity()
          (fc2): Linear(in_features=4096, out_features=1024, bias=True)
          (drop2): Dropout(p=0.0, inplace=False)
        )
        (ls2): LayerScale()
        (drop_path2): Identity()
      )
      (11): Block(
        (norm1): LayerNorm((1024,), eps=1e-06, elementwise_affine=True)
        (attn): Attention(
          (qkv): Linear(in_features=1024, out_features=3072, bias=True)
          (q_norm): Identity()
          (k_norm): Identity()
          (attn_drop): Dropout(p=0.0, inplace=False)
          (norm): Identity()
          (proj): Linear(in_features=1024, out_features=1024, bias=True)
          (proj_drop): Dropout(p=0.0, inplace=False)
        )
        (ls1): LayerScale()
        (drop_path1): Identity()
        (norm2): LayerNorm((1024,), eps=1e-06, elementwise_affine=True)
        (mlp): Mlp(
          (fc1): Linear(in_features=1024, out_features=4096, bias=True)
          (act): GELU(approximate='none')
          (drop1): Dropout(p=0.0, inplace=False)
          (norm): Identity()
          (fc2): Linear(in_features=4096, out_features=1024, bias=True)
          (drop2): Dropout(p=0.0, inplace=False)
        )
        (ls2): LayerScale()
        (drop_path2): Identity()
      )
      (12): Block(
        (norm1): LayerNorm((1024,), eps=1e-06, elementwise_affine=True)
        (attn): Attention(
          (qkv): Linear(in_features=1024, out_features=3072, bias=True)
          (q_norm): Identity()
          (k_norm): Identity()
          (attn_drop): Dropout(p=0.0, inplace=False)
          (norm): Identity()
          (proj): Linear(in_features=1024, out_features=1024, bias=True)
          (proj_drop): Dropout(p=0.0, inplace=False)
        )
        (ls1): LayerScale()
        (drop_path1): Identity()
        (norm2): LayerNorm((1024,), eps=1e-06, elementwise_affine=True)
        (mlp): Mlp(
          (fc1): Linear(in_features=1024, out_features=4096, bias=True)
          (act): GELU(approximate='none')
          (drop1): Dropout(p=0.0, inplace=False)
          (norm): Identity()
          (fc2): Linear(in_features=4096, out_features=1024, bias=True)
          (drop2): Dropout(p=0.0, inplace=False)
        )
        (ls2): LayerScale()
        (drop_path2): Identity()
      )
      (13): Block(
        (norm1): LayerNorm((1024,), eps=1e-06, elementwise_affine=True)
        (attn): Attention(
          (qkv): Linear(in_features=1024, out_features=3072, bias=True)
          (q_norm): Identity()
          (k_norm): Identity()
          (attn_drop): Dropout(p=0.0, inplace=False)
          (norm): Identity()
          (proj): Linear(in_features=1024, out_features=1024, bias=True)
          (proj_drop): Dropout(p=0.0, inplace=False)
        )
        (ls1): LayerScale()
        (drop_path1): Identity()
        (norm2): LayerNorm((1024,), eps=1e-06, elementwise_affine=True)
        (mlp): Mlp(
          (fc1): Linear(in_features=1024, out_features=4096, bias=True)
          (act): GELU(approximate='none')
          (drop1): Dropout(p=0.0, inplace=False)
          (norm): Identity()
          (fc2): Linear(in_features=4096, out_features=1024, bias=True)
          (drop2): Dropout(p=0.0, inplace=False)
        )
        (ls2): LayerScale()
        (drop_path2): Identity()
      )
      (14): Block(
        (norm1): LayerNorm((1024,), eps=1e-06, elementwise_affine=True)
        (attn): Attention(
          (qkv): Linear(in_features=1024, out_features=3072, bias=True)
          (q_norm): Identity()
          (k_norm): Identity()
          (attn_drop): Dropout(p=0.0, inplace=False)
          (norm): Identity()
          (proj): Linear(in_features=1024, out_features=1024, bias=True)
          (proj_drop): Dropout(p=0.0, inplace=False)
        )
        (ls1): LayerScale()
        (drop_path1): Identity()
        (norm2): LayerNorm((1024,), eps=1e-06, elementwise_affine=True)
        (mlp): Mlp(
          (fc1): Linear(in_features=1024, out_features=4096, bias=True)
          (act): GELU(approximate='none')
          (drop1): Dropout(p=0.0, inplace=False)
          (norm): Identity()
          (fc2): Linear(in_features=4096, out_features=1024, bias=True)
          (drop2): Dropout(p=0.0, inplace=False)
        )
        (ls2): LayerScale()
        (drop_path2): Identity()
      )
      (15): Block(
        (norm1): LayerNorm((1024,), eps=1e-06, elementwise_affine=True)
        (attn): Attention(
          (qkv): Linear(in_features=1024, out_features=3072, bias=True)
          (q_norm): Identity()
          (k_norm): Identity()
          (attn_drop): Dropout(p=0.0, inplace=False)
          (norm): Identity()
          (proj): Linear(in_features=1024, out_features=1024, bias=True)
          (proj_drop): Dropout(p=0.0, inplace=False)
        )
        (ls1): LayerScale()
        (drop_path1): Identity()
        (norm2): LayerNorm((1024,), eps=1e-06, elementwise_affine=True)
        (mlp): Mlp(
          (fc1): Linear(in_features=1024, out_features=4096, bias=True)
          (act): GELU(approximate='none')
          (drop1): Dropout(p=0.0, inplace=False)
          (norm): Identity()
          (fc2): Linear(in_features=4096, out_features=1024, bias=True)
          (drop2): Dropout(p=0.0, inplace=False)
        )
        (ls2): LayerScale()
        (drop_path2): Identity()
      )
      (16): Block(
        (norm1): LayerNorm((1024,), eps=1e-06, elementwise_affine=True)
        (attn): Attention(
          (qkv): Linear(in_features=1024, out_features=3072, bias=True)
          (q_norm): Identity()
          (k_norm): Identity()
          (attn_drop): Dropout(p=0.0, inplace=False)
          (norm): Identity()
          (proj): Linear(in_features=1024, out_features=1024, bias=True)
          (proj_drop): Dropout(p=0.0, inplace=False)
        )
        (ls1): LayerScale()
        (drop_path1): Identity()
        (norm2): LayerNorm((1024,), eps=1e-06, elementwise_affine=True)
        (mlp): Mlp(
          (fc1): Linear(in_features=1024, out_features=4096, bias=True)
          (act): GELU(approximate='none')
          (drop1): Dropout(p=0.0, inplace=False)
          (norm): Identity()
          (fc2): Linear(in_features=4096, out_features=1024, bias=True)
          (drop2): Dropout(p=0.0, inplace=False)
        )
        (ls2): LayerScale()
        (drop_path2): Identity()
      )
      (17): Block(
        (norm1): LayerNorm((1024,), eps=1e-06, elementwise_affine=True)
        (attn): Attention(
          (qkv): Linear(in_features=1024, out_features=3072, bias=True)
          (q_norm): Identity()
          (k_norm): Identity()
          (attn_drop): Dropout(p=0.0, inplace=False)
          (norm): Identity()
          (proj): Linear(in_features=1024, out_features=1024, bias=True)
          (proj_drop): Dropout(p=0.0, inplace=False)
        )
        (ls1): LayerScale()
        (drop_path1): Identity()
        (norm2): LayerNorm((1024,), eps=1e-06, elementwise_affine=True)
        (mlp): Mlp(
          (fc1): Linear(in_features=1024, out_features=4096, bias=True)
          (act): GELU(approximate='none')
          (drop1): Dropout(p=0.0, inplace=False)
          (norm): Identity()
          (fc2): Linear(in_features=4096, out_features=1024, bias=True)
          (drop2): Dropout(p=0.0, inplace=False)
        )
        (ls2): LayerScale()
        (drop_path2): Identity()
      )
      (18): Block(
        (norm1): LayerNorm((1024,), eps=1e-06, elementwise_affine=True)
        (attn): Attention(
          (qkv): Linear(in_features=1024, out_features=3072, bias=True)
          (q_norm): Identity()
          (k_norm): Identity()
          (attn_drop): Dropout(p=0.0, inplace=False)
          (norm): Identity()
          (proj): Linear(in_features=1024, out_features=1024, bias=True)
          (proj_drop): Dropout(p=0.0, inplace=False)
        )
        (ls1): LayerScale()
        (drop_path1): Identity()
        (norm2): LayerNorm((1024,), eps=1e-06, elementwise_affine=True)
        (mlp): Mlp(
          (fc1): Linear(in_features=1024, out_features=4096, bias=True)
          (act): GELU(approximate='none')
          (drop1): Dropout(p=0.0, inplace=False)
          (norm): Identity()
          (fc2): Linear(in_features=4096, out_features=1024, bias=True)
          (drop2): Dropout(p=0.0, inplace=False)
        )
        (ls2): LayerScale()
        (drop_path2): Identity()
      )
      (19): Block(
        (norm1): LayerNorm((1024,), eps=1e-06, elementwise_affine=True)
        (attn): Attention(
          (qkv): Linear(in_features=1024, out_features=3072, bias=True)
          (q_norm): Identity()
          (k_norm): Identity()
          (attn_drop): Dropout(p=0.0, inplace=False)
          (norm): Identity()
          (proj): Linear(in_features=1024, out_features=1024, bias=True)
          (proj_drop): Dropout(p=0.0, inplace=False)
        )
        (ls1): LayerScale()
        (drop_path1): Identity()
        (norm2): LayerNorm((1024,), eps=1e-06, elementwise_affine=True)
        (mlp): Mlp(
          (fc1): Linear(in_features=1024, out_features=4096, bias=True)
          (act): GELU(approximate='none')
          (drop1): Dropout(p=0.0, inplace=False)
          (norm): Identity()
          (fc2): Linear(in_features=4096, out_features=1024, bias=True)
          (drop2): Dropout(p=0.0, inplace=False)
        )
        (ls2): LayerScale()
        (drop_path2): Identity()
      )
      (20): Block(
        (norm1): LayerNorm((1024,), eps=1e-06, elementwise_affine=True)
        (attn): Attention(
          (qkv): Linear(in_features=1024, out_features=3072, bias=True)
          (q_norm): Identity()
          (k_norm): Identity()
          (attn_drop): Dropout(p=0.0, inplace=False)
          (norm): Identity()
          (proj): Linear(in_features=1024, out_features=1024, bias=True)
          (proj_drop): Dropout(p=0.0, inplace=False)
        )
        (ls1): LayerScale()
        (drop_path1): Identity()
        (norm2): LayerNorm((1024,), eps=1e-06, elementwise_affine=True)
        (mlp): Mlp(
          (fc1): Linear(in_features=1024, out_features=4096, bias=True)
          (act): GELU(approximate='none')
          (drop1): Dropout(p=0.0, inplace=False)
          (norm): Identity()
          (fc2): Linear(in_features=4096, out_features=1024, bias=True)
          (drop2): Dropout(p=0.0, inplace=False)
        )
        (ls2): LayerScale()
        (drop_path2): Identity()
      )
      (21): Block(
        (norm1): LayerNorm((1024,), eps=1e-06, elementwise_affine=True)
        (attn): Attention(
          (qkv): Linear(in_features=1024, out_features=3072, bias=True)
          (q_norm): Identity()
          (k_norm): Identity()
          (attn_drop): Dropout(p=0.0, inplace=False)
          (norm): Identity()
          (proj): Linear(in_features=1024, out_features=1024, bias=True)
          (proj_drop): Dropout(p=0.0, inplace=False)
        )
        (ls1): LayerScale()
        (drop_path1): Identity()
        (norm2): LayerNorm((1024,), eps=1e-06, elementwise_affine=True)
        (mlp): Mlp(
          (fc1): Linear(in_features=1024, out_features=4096, bias=True)
          (act): GELU(approximate='none')
          (drop1): Dropout(p=0.0, inplace=False)
          (norm): Identity()
          (fc2): Linear(in_features=4096, out_features=1024, bias=True)
          (drop2): Dropout(p=0.0, inplace=False)
        )
        (ls2): LayerScale()
        (drop_path2): Identity()
      )
      (22): Block(
        (norm1): LayerNorm((1024,), eps=1e-06, elementwise_affine=True)
        (attn): Attention(
          (qkv): Linear(in_features=1024, out_features=3072, bias=True)
          (q_norm): Identity()
          (k_norm): Identity()
          (attn_drop): Dropout(p=0.0, inplace=False)
          (norm): Identity()
          (proj): Linear(in_features=1024, out_features=1024, bias=True)
          (proj_drop): Dropout(p=0.0, inplace=False)
        )
        (ls1): LayerScale()
        (drop_path1): Identity()
        (norm2): LayerNorm((1024,), eps=1e-06, elementwise_affine=True)
        (mlp): Mlp(
          (fc1): Linear(in_features=1024, out_features=4096, bias=True)
          (act): GELU(approximate='none')
          (drop1): Dropout(p=0.0, inplace=False)
          (norm): Identity()
          (fc2): Linear(in_features=4096, out_features=1024, bias=True)
          (drop2): Dropout(p=0.0, inplace=False)
        )
        (ls2): LayerScale()
        (drop_path2): Identity()
      )
      (23): Block(
        (norm1): LayerNorm((1024,), eps=1e-06, elementwise_affine=True)
        (attn): Attention(
          (qkv): Linear(in_features=1024, out_features=3072, bias=True)
          (q_norm): Identity()
          (k_norm): Identity()
          (attn_drop): Dropout(p=0.0, inplace=False)
          (norm): Identity()
          (proj): Linear(in_features=1024, out_features=1024, bias=True)
          (proj_drop): Dropout(p=0.0, inplace=False)
        )
        (ls1): LayerScale()
        (drop_path1): Identity()
        (norm2): LayerNorm((1024,), eps=1e-06, elementwise_affine=True)
        (mlp): Mlp(
          (fc1): Linear(in_features=1024, out_features=4096, bias=True)
          (act): GELU(approximate='none')
          (drop1): Dropout(p=0.0, inplace=False)
          (norm): Identity()
          (fc2): Linear(in_features=4096, out_features=1024, bias=True)
          (drop2): Dropout(p=0.0, inplace=False)
        )
        (ls2): LayerScale()
        (drop_path2): Identity()
      )
    )
    (norm): LayerNorm((1024,), eps=1e-06, elementwise_affine=True)
    (fc_norm): Identity()
    (head_drop): Dropout(p=0.0, inplace=False)
    (head): Identity()
  )
)
[2026-02-28 18:29:59,167] [    INFO] vit_factory.py:123 - Module(
  (model): VisionTransformer(
    (patch_embed): PatchEmbed(
      (proj): Conv2d(3, 1024, kernel_size=(16, 16), stride=(16, 16))
      (norm): Identity()
    )
    (pos_drop): Dropout(p=0.0, inplace=False)
    (patch_drop): Identity()
    (norm_pre): Identity()
    (blocks): Sequential(
      (0): Block(
        (norm1): LayerNorm((1024,), eps=1e-06, elementwise_affine=True)
        (attn): Attention(
          (qkv): Linear(in_features=1024, out_features=3072, bias=True)
          (q_norm): Identity()
          (k_norm): Identity()
          (attn_drop): Dropout(p=0.0, inplace=False)
          (norm): Identity()
          (proj): Linear(in_features=1024, out_features=1024, bias=True)
          (proj_drop): Dropout(p=0.0, inplace=False)
        )
        (ls1): LayerScale()
        (drop_path1): Identity()
        (norm2): LayerNorm((1024,), eps=1e-06, elementwise_affine=True)
        (mlp): Mlp(
          (fc1): Linear(in_features=1024, out_features=4096, bias=True)
          (act): GELU(approximate='none')
          (drop1): Dropout(p=0.0, inplace=False)
          (norm): Identity()
          (fc2): Linear(in_features=4096, out_features=1024, bias=True)
          (drop2): Dropout(p=0.0, inplace=False)
        )
        (ls2): LayerScale()
        (drop_path2): Identity()
      )
      (1): Block(
        (norm1): LayerNorm((1024,), eps=1e-06, elementwise_affine=True)
        (attn): Attention(
          (qkv): Linear(in_features=1024, out_features=3072, bias=True)
          (q_norm): Identity()
          (k_norm): Identity()
          (attn_drop): Dropout(p=0.0, inplace=False)
          (norm): Identity()
          (proj): Linear(in_features=1024, out_features=1024, bias=True)
          (proj_drop): Dropout(p=0.0, inplace=False)
        )
        (ls1): LayerScale()
        (drop_path1): Identity()
        (norm2): LayerNorm((1024,), eps=1e-06, elementwise_affine=True)
        (mlp): Mlp(
          (fc1): Linear(in_features=1024, out_features=4096, bias=True)
          (act): GELU(approximate='none')
          (drop1): Dropout(p=0.0, inplace=False)
          (norm): Identity()
          (fc2): Linear(in_features=4096, out_features=1024, bias=True)
          (drop2): Dropout(p=0.0, inplace=False)
        )
        (ls2): LayerScale()
        (drop_path2): Identity()
      )
      (2): Block(
        (norm1): LayerNorm((1024,), eps=1e-06, elementwise_affine=True)
        (attn): Attention(
          (qkv): Linear(in_features=1024, out_features=3072, bias=True)
          (q_norm): Identity()
          (k_norm): Identity()
          (attn_drop): Dropout(p=0.0, inplace=False)
          (norm): Identity()
          (proj): Linear(in_features=1024, out_features=1024, bias=True)
          (proj_drop): Dropout(p=0.0, inplace=False)
        )
        (ls1): LayerScale()
        (drop_path1): Identity()
        (norm2): LayerNorm((1024,), eps=1e-06, elementwise_affine=True)
        (mlp): Mlp(
          (fc1): Linear(in_features=1024, out_features=4096, bias=True)
          (act): GELU(approximate='none')
          (drop1): Dropout(p=0.0, inplace=False)
          (norm): Identity()
          (fc2): Linear(in_features=4096, out_features=1024, bias=True)
          (drop2): Dropout(p=0.0, inplace=False)
        )
        (ls2): LayerScale()
        (drop_path2): Identity()
      )
      (3): Block(
        (norm1): LayerNorm((1024,), eps=1e-06, elementwise_affine=True)
        (attn): Attention(
          (qkv): Linear(in_features=1024, out_features=3072, bias=True)
          (q_norm): Identity()
          (k_norm): Identity()
          (attn_drop): Dropout(p=0.0, inplace=False)
          (norm): Identity()
          (proj): Linear(in_features=1024, out_features=1024, bias=True)
          (proj_drop): Dropout(p=0.0, inplace=False)
        )
        (ls1): LayerScale()
        (drop_path1): Identity()
        (norm2): LayerNorm((1024,), eps=1e-06, elementwise_affine=True)
        (mlp): Mlp(
          (fc1): Linear(in_features=1024, out_features=4096, bias=True)
          (act): GELU(approximate='none')
          (drop1): Dropout(p=0.0, inplace=False)
          (norm): Identity()
          (fc2): Linear(in_features=4096, out_features=1024, bias=True)
          (drop2): Dropout(p=0.0, inplace=False)
        )
        (ls2): LayerScale()
        (drop_path2): Identity()
      )
      (4): Block(
        (norm1): LayerNorm((1024,), eps=1e-06, elementwise_affine=True)
        (attn): Attention(
          (qkv): Linear(in_features=1024, out_features=3072, bias=True)
          (q_norm): Identity()
          (k_norm): Identity()
          (attn_drop): Dropout(p=0.0, inplace=False)
          (norm): Identity()
          (proj): Linear(in_features=1024, out_features=1024, bias=True)
          (proj_drop): Dropout(p=0.0, inplace=False)
        )
        (ls1): LayerScale()
        (drop_path1): Identity()
        (norm2): LayerNorm((1024,), eps=1e-06, elementwise_affine=True)
        (mlp): Mlp(
          (fc1): Linear(in_features=1024, out_features=4096, bias=True)
          (act): GELU(approximate='none')
          (drop1): Dropout(p=0.0, inplace=False)
          (norm): Identity()
          (fc2): Linear(in_features=4096, out_features=1024, bias=True)
          (drop2): Dropout(p=0.0, inplace=False)
        )
        (ls2): LayerScale()
        (drop_path2): Identity()
      )
      (5): Block(
        (norm1): LayerNorm((1024,), eps=1e-06, elementwise_affine=True)
        (attn): Attention(
          (qkv): Linear(in_features=1024, out_features=3072, bias=True)
          (q_norm): Identity()
          (k_norm): Identity()
          (attn_drop): Dropout(p=0.0, inplace=False)
          (norm): Identity()
          (proj): Linear(in_features=1024, out_features=1024, bias=True)
          (proj_drop): Dropout(p=0.0, inplace=False)
        )
        (ls1): LayerScale()
        (drop_path1): Identity()
        (norm2): LayerNorm((1024,), eps=1e-06, elementwise_affine=True)
        (mlp): Mlp(
          (fc1): Linear(in_features=1024, out_features=4096, bias=True)
          (act): GELU(approximate='none')
          (drop1): Dropout(p=0.0, inplace=False)
          (norm): Identity()
          (fc2): Linear(in_features=4096, out_features=1024, bias=True)
          (drop2): Dropout(p=0.0, inplace=False)
        )
        (ls2): LayerScale()
        (drop_path2): Identity()
      )
      (6): Block(
        (norm1): LayerNorm((1024,), eps=1e-06, elementwise_affine=True)
        (attn): Attention(
          (qkv): Linear(in_features=1024, out_features=3072, bias=True)
          (q_norm): Identity()
          (k_norm): Identity()
          (attn_drop): Dropout(p=0.0, inplace=False)
          (norm): Identity()
          (proj): Linear(in_features=1024, out_features=1024, bias=True)
          (proj_drop): Dropout(p=0.0, inplace=False)
        )
        (ls1): LayerScale()
        (drop_path1): Identity()
        (norm2): LayerNorm((1024,), eps=1e-06, elementwise_affine=True)
        (mlp): Mlp(
          (fc1): Linear(in_features=1024, out_features=4096, bias=True)
          (act): GELU(approximate='none')
          (drop1): Dropout(p=0.0, inplace=False)
          (norm): Identity()
          (fc2): Linear(in_features=4096, out_features=1024, bias=True)
          (drop2): Dropout(p=0.0, inplace=False)
        )
        (ls2): LayerScale()
        (drop_path2): Identity()
      )
      (7): Block(
        (norm1): LayerNorm((1024,), eps=1e-06, elementwise_affine=True)
        (attn): Attention(
          (qkv): Linear(in_features=1024, out_features=3072, bias=True)
          (q_norm): Identity()
          (k_norm): Identity()
          (attn_drop): Dropout(p=0.0, inplace=False)
          (norm): Identity()
          (proj): Linear(in_features=1024, out_features=1024, bias=True)
          (proj_drop): Dropout(p=0.0, inplace=False)
        )
        (ls1): LayerScale()
        (drop_path1): Identity()
        (norm2): LayerNorm((1024,), eps=1e-06, elementwise_affine=True)
        (mlp): Mlp(
          (fc1): Linear(in_features=1024, out_features=4096, bias=True)
          (act): GELU(approximate='none')
          (drop1): Dropout(p=0.0, inplace=False)
          (norm): Identity()
          (fc2): Linear(in_features=4096, out_features=1024, bias=True)
          (drop2): Dropout(p=0.0, inplace=False)
        )
        (ls2): LayerScale()
        (drop_path2): Identity()
      )
      (8): Block(
        (norm1): LayerNorm((1024,), eps=1e-06, elementwise_affine=True)
        (attn): Attention(
          (qkv): Linear(in_features=1024, out_features=3072, bias=True)
          (q_norm): Identity()
          (k_norm): Identity()
          (attn_drop): Dropout(p=0.0, inplace=False)
          (norm): Identity()
          (proj): Linear(in_features=1024, out_features=1024, bias=True)
          (proj_drop): Dropout(p=0.0, inplace=False)
        )
        (ls1): LayerScale()
        (drop_path1): Identity()
        (norm2): LayerNorm((1024,), eps=1e-06, elementwise_affine=True)
        (mlp): Mlp(
          (fc1): Linear(in_features=1024, out_features=4096, bias=True)
          (act): GELU(approximate='none')
          (drop1): Dropout(p=0.0, inplace=False)
          (norm): Identity()
          (fc2): Linear(in_features=4096, out_features=1024, bias=True)
          (drop2): Dropout(p=0.0, inplace=False)
        )
        (ls2): LayerScale()
        (drop_path2): Identity()
      )
      (9): Block(
        (norm1): LayerNorm((1024,), eps=1e-06, elementwise_affine=True)
        (attn): Attention(
          (qkv): Linear(in_features=1024, out_features=3072, bias=True)
          (q_norm): Identity()
          (k_norm): Identity()
          (attn_drop): Dropout(p=0.0, inplace=False)
          (norm): Identity()
          (proj): Linear(in_features=1024, out_features=1024, bias=True)
          (proj_drop): Dropout(p=0.0, inplace=False)
        )
        (ls1): LayerScale()
        (drop_path1): Identity()
        (norm2): LayerNorm((1024,), eps=1e-06, elementwise_affine=True)
        (mlp): Mlp(
          (fc1): Linear(in_features=1024, out_features=4096, bias=True)
          (act): GELU(approximate='none')
          (drop1): Dropout(p=0.0, inplace=False)
          (norm): Identity()
          (fc2): Linear(in_features=4096, out_features=1024, bias=True)
          (drop2): Dropout(p=0.0, inplace=False)
        )
        (ls2): LayerScale()
        (drop_path2): Identity()
      )
      (10): Block(
        (norm1): LayerNorm((1024,), eps=1e-06, elementwise_affine=True)
        (attn): Attention(
          (qkv): Linear(in_features=1024, out_features=3072, bias=True)
          (q_norm): Identity()
          (k_norm): Identity()
          (attn_drop): Dropout(p=0.0, inplace=False)
          (norm): Identity()
          (proj): Linear(in_features=1024, out_features=1024, bias=True)
          (proj_drop): Dropout(p=0.0, inplace=False)
        )
        (ls1): LayerScale()
        (drop_path1): Identity()
        (norm2): LayerNorm((1024,), eps=1e-06, elementwise_affine=True)
        (mlp): Mlp(
          (fc1): Linear(in_features=1024, out_features=4096, bias=True)
          (act): GELU(approximate='none')
          (drop1): Dropout(p=0.0, inplace=False)
          (norm): Identity()
          (fc2): Linear(in_features=4096, out_features=1024, bias=True)
          (drop2): Dropout(p=0.0, inplace=False)
        )
        (ls2): LayerScale()
        (drop_path2): Identity()
      )
      (11): Block(
        (norm1): LayerNorm((1024,), eps=1e-06, elementwise_affine=True)
        (attn): Attention(
          (qkv): Linear(in_features=1024, out_features=3072, bias=True)
          (q_norm): Identity()
          (k_norm): Identity()
          (attn_drop): Dropout(p=0.0, inplace=False)
          (norm): Identity()
          (proj): Linear(in_features=1024, out_features=1024, bias=True)
          (proj_drop): Dropout(p=0.0, inplace=False)
        )
        (ls1): LayerScale()
        (drop_path1): Identity()
        (norm2): LayerNorm((1024,), eps=1e-06, elementwise_affine=True)
        (mlp): Mlp(
          (fc1): Linear(in_features=1024, out_features=4096, bias=True)
          (act): GELU(approximate='none')
          (drop1): Dropout(p=0.0, inplace=False)
          (norm): Identity()
          (fc2): Linear(in_features=4096, out_features=1024, bias=True)
          (drop2): Dropout(p=0.0, inplace=False)
        )
        (ls2): LayerScale()
        (drop_path2): Identity()
      )
      (12): Block(
        (norm1): LayerNorm((1024,), eps=1e-06, elementwise_affine=True)
        (attn): Attention(
          (qkv): Linear(in_features=1024, out_features=3072, bias=True)
          (q_norm): Identity()
          (k_norm): Identity()
          (attn_drop): Dropout(p=0.0, inplace=False)
          (norm): Identity()
          (proj): Linear(in_features=1024, out_features=1024, bias=True)
          (proj_drop): Dropout(p=0.0, inplace=False)
        )
        (ls1): LayerScale()
        (drop_path1): Identity()
        (norm2): LayerNorm((1024,), eps=1e-06, elementwise_affine=True)
        (mlp): Mlp(
          (fc1): Linear(in_features=1024, out_features=4096, bias=True)
          (act): GELU(approximate='none')
          (drop1): Dropout(p=0.0, inplace=False)
          (norm): Identity()
          (fc2): Linear(in_features=4096, out_features=1024, bias=True)
          (drop2): Dropout(p=0.0, inplace=False)
        )
        (ls2): LayerScale()
        (drop_path2): Identity()
      )
      (13): Block(
        (norm1): LayerNorm((1024,), eps=1e-06, elementwise_affine=True)
        (attn): Attention(
          (qkv): Linear(in_features=1024, out_features=3072, bias=True)
          (q_norm): Identity()
          (k_norm): Identity()
          (attn_drop): Dropout(p=0.0, inplace=False)
          (norm): Identity()
          (proj): Linear(in_features=1024, out_features=1024, bias=True)
          (proj_drop): Dropout(p=0.0, inplace=False)
        )
        (ls1): LayerScale()
        (drop_path1): Identity()
        (norm2): LayerNorm((1024,), eps=1e-06, elementwise_affine=True)
        (mlp): Mlp(
          (fc1): Linear(in_features=1024, out_features=4096, bias=True)
          (act): GELU(approximate='none')
          (drop1): Dropout(p=0.0, inplace=False)
          (norm): Identity()
          (fc2): Linear(in_features=4096, out_features=1024, bias=True)
          (drop2): Dropout(p=0.0, inplace=False)
        )
        (ls2): LayerScale()
        (drop_path2): Identity()
      )
      (14): Block(
        (norm1): LayerNorm((1024,), eps=1e-06, elementwise_affine=True)
        (attn): Attention(
          (qkv): Linear(in_features=1024, out_features=3072, bias=True)
          (q_norm): Identity()
          (k_norm): Identity()
          (attn_drop): Dropout(p=0.0, inplace=False)
          (norm): Identity()
          (proj): Linear(in_features=1024, out_features=1024, bias=True)
          (proj_drop): Dropout(p=0.0, inplace=False)
        )
        (ls1): LayerScale()
        (drop_path1): Identity()
        (norm2): LayerNorm((1024,), eps=1e-06, elementwise_affine=True)
        (mlp): Mlp(
          (fc1): Linear(in_features=1024, out_features=4096, bias=True)
          (act): GELU(approximate='none')
          (drop1): Dropout(p=0.0, inplace=False)
          (norm): Identity()
          (fc2): Linear(in_features=4096, out_features=1024, bias=True)
          (drop2): Dropout(p=0.0, inplace=False)
        )
        (ls2): LayerScale()
        (drop_path2): Identity()
      )
      (15): Block(
        (norm1): LayerNorm((1024,), eps=1e-06, elementwise_affine=True)
        (attn): Attention(
          (qkv): Linear(in_features=1024, out_features=3072, bias=True)
          (q_norm): Identity()
          (k_norm): Identity()
          (attn_drop): Dropout(p=0.0, inplace=False)
          (norm): Identity()
          (proj): Linear(in_features=1024, out_features=1024, bias=True)
          (proj_drop): Dropout(p=0.0, inplace=False)
        )
        (ls1): LayerScale()
        (drop_path1): Identity()
        (norm2): LayerNorm((1024,), eps=1e-06, elementwise_affine=True)
        (mlp): Mlp(
          (fc1): Linear(in_features=1024, out_features=4096, bias=True)
          (act): GELU(approximate='none')
          (drop1): Dropout(p=0.0, inplace=False)
          (norm): Identity()
          (fc2): Linear(in_features=4096, out_features=1024, bias=True)
          (drop2): Dropout(p=0.0, inplace=False)
        )
        (ls2): LayerScale()
        (drop_path2): Identity()
      )
      (16): Block(
        (norm1): LayerNorm((1024,), eps=1e-06, elementwise_affine=True)
        (attn): Attention(
          (qkv): Linear(in_features=1024, out_features=3072, bias=True)
          (q_norm): Identity()
          (k_norm): Identity()
          (attn_drop): Dropout(p=0.0, inplace=False)
          (norm): Identity()
          (proj): Linear(in_features=1024, out_features=1024, bias=True)
          (proj_drop): Dropout(p=0.0, inplace=False)
        )
        (ls1): LayerScale()
        (drop_path1): Identity()
        (norm2): LayerNorm((1024,), eps=1e-06, elementwise_affine=True)
        (mlp): Mlp(
          (fc1): Linear(in_features=1024, out_features=4096, bias=True)
          (act): GELU(approximate='none')
          (drop1): Dropout(p=0.0, inplace=False)
          (norm): Identity()
          (fc2): Linear(in_features=4096, out_features=1024, bias=True)
          (drop2): Dropout(p=0.0, inplace=False)
        )
        (ls2): LayerScale()
        (drop_path2): Identity()
      )
      (17): Block(
        (norm1): LayerNorm((1024,), eps=1e-06, elementwise_affine=True)
        (attn): Attention(
          (qkv): Linear(in_features=1024, out_features=3072, bias=True)
          (q_norm): Identity()
          (k_norm): Identity()
          (attn_drop): Dropout(p=0.0, inplace=False)
          (norm): Identity()
          (proj): Linear(in_features=1024, out_features=1024, bias=True)
          (proj_drop): Dropout(p=0.0, inplace=False)
        )
        (ls1): LayerScale()
        (drop_path1): Identity()
        (norm2): LayerNorm((1024,), eps=1e-06, elementwise_affine=True)
        (mlp): Mlp(
          (fc1): Linear(in_features=1024, out_features=4096, bias=True)
          (act): GELU(approximate='none')
          (drop1): Dropout(p=0.0, inplace=False)
          (norm): Identity()
          (fc2): Linear(in_features=4096, out_features=1024, bias=True)
          (drop2): Dropout(p=0.0, inplace=False)
        )
        (ls2): LayerScale()
        (drop_path2): Identity()
      )
      (18): Block(
        (norm1): LayerNorm((1024,), eps=1e-06, elementwise_affine=True)
        (attn): Attention(
          (qkv): Linear(in_features=1024, out_features=3072, bias=True)
          (q_norm): Identity()
          (k_norm): Identity()
          (attn_drop): Dropout(p=0.0, inplace=False)
          (norm): Identity()
          (proj): Linear(in_features=1024, out_features=1024, bias=True)
          (proj_drop): Dropout(p=0.0, inplace=False)
        )
        (ls1): LayerScale()
        (drop_path1): Identity()
        (norm2): LayerNorm((1024,), eps=1e-06, elementwise_affine=True)
        (mlp): Mlp(
          (fc1): Linear(in_features=1024, out_features=4096, bias=True)
          (act): GELU(approximate='none')
          (drop1): Dropout(p=0.0, inplace=False)
          (norm): Identity()
          (fc2): Linear(in_features=4096, out_features=1024, bias=True)
          (drop2): Dropout(p=0.0, inplace=False)
        )
        (ls2): LayerScale()
        (drop_path2): Identity()
      )
      (19): Block(
        (norm1): LayerNorm((1024,), eps=1e-06, elementwise_affine=True)
        (attn): Attention(
          (qkv): Linear(in_features=1024, out_features=3072, bias=True)
          (q_norm): Identity()
          (k_norm): Identity()
          (attn_drop): Dropout(p=0.0, inplace=False)
          (norm): Identity()
          (proj): Linear(in_features=1024, out_features=1024, bias=True)
          (proj_drop): Dropout(p=0.0, inplace=False)
        )
        (ls1): LayerScale()
        (drop_path1): Identity()
        (norm2): LayerNorm((1024,), eps=1e-06, elementwise_affine=True)
        (mlp): Mlp(
          (fc1): Linear(in_features=1024, out_features=4096, bias=True)
          (act): GELU(approximate='none')
          (drop1): Dropout(p=0.0, inplace=False)
          (norm): Identity()
          (fc2): Linear(in_features=4096, out_features=1024, bias=True)
          (drop2): Dropout(p=0.0, inplace=False)
        )
        (ls2): LayerScale()
        (drop_path2): Identity()
      )
      (20): Block(
        (norm1): LayerNorm((1024,), eps=1e-06, elementwise_affine=True)
        (attn): Attention(
          (qkv): Linear(in_features=1024, out_features=3072, bias=True)
          (q_norm): Identity()
          (k_norm): Identity()
          (attn_drop): Dropout(p=0.0, inplace=False)
          (norm): Identity()
          (proj): Linear(in_features=1024, out_features=1024, bias=True)
          (proj_drop): Dropout(p=0.0, inplace=False)
        )
        (ls1): LayerScale()
        (drop_path1): Identity()
        (norm2): LayerNorm((1024,), eps=1e-06, elementwise_affine=True)
        (mlp): Mlp(
          (fc1): Linear(in_features=1024, out_features=4096, bias=True)
          (act): GELU(approximate='none')
          (drop1): Dropout(p=0.0, inplace=False)
          (norm): Identity()
          (fc2): Linear(in_features=4096, out_features=1024, bias=True)
          (drop2): Dropout(p=0.0, inplace=False)
        )
        (ls2): LayerScale()
        (drop_path2): Identity()
      )
      (21): Block(
        (norm1): LayerNorm((1024,), eps=1e-06, elementwise_affine=True)
        (attn): Attention(
          (qkv): Linear(in_features=1024, out_features=3072, bias=True)
          (q_norm): Identity()
          (k_norm): Identity()
          (attn_drop): Dropout(p=0.0, inplace=False)
          (norm): Identity()
          (proj): Linear(in_features=1024, out_features=1024, bias=True)
          (proj_drop): Dropout(p=0.0, inplace=False)
        )
        (ls1): LayerScale()
        (drop_path1): Identity()
        (norm2): LayerNorm((1024,), eps=1e-06, elementwise_affine=True)
        (mlp): Mlp(
          (fc1): Linear(in_features=1024, out_features=4096, bias=True)
          (act): GELU(approximate='none')
          (drop1): Dropout(p=0.0, inplace=False)
          (norm): Identity()
          (fc2): Linear(in_features=4096, out_features=1024, bias=True)
          (drop2): Dropout(p=0.0, inplace=False)
        )
        (ls2): LayerScale()
        (drop_path2): Identity()
      )
      (22): Block(
        (norm1): LayerNorm((1024,), eps=1e-06, elementwise_affine=True)
        (attn): Attention(
          (qkv): Linear(in_features=1024, out_features=3072, bias=True)
          (q_norm): Identity()
          (k_norm): Identity()
          (attn_drop): Dropout(p=0.0, inplace=False)
          (norm): Identity()
          (proj): Linear(in_features=1024, out_features=1024, bias=True)
          (proj_drop): Dropout(p=0.0, inplace=False)
        )
        (ls1): LayerScale()
        (drop_path1): Identity()
        (norm2): LayerNorm((1024,), eps=1e-06, elementwise_affine=True)
        (mlp): Mlp(
          (fc1): Linear(in_features=1024, out_features=4096, bias=True)
          (act): GELU(approximate='none')
          (drop1): Dropout(p=0.0, inplace=False)
          (norm): Identity()
          (fc2): Linear(in_features=4096, out_features=1024, bias=True)
          (drop2): Dropout(p=0.0, inplace=False)
        )
        (ls2): LayerScale()
        (drop_path2): Identity()
      )
      (23): Block(
        (norm1): LayerNorm((1024,), eps=1e-06, elementwise_affine=True)
        (attn): Attention(
          (qkv): Linear(in_features=1024, out_features=3072, bias=True)
          (q_norm): Identity()
          (k_norm): Identity()
          (attn_drop): Dropout(p=0.0, inplace=False)
          (norm): Identity()
          (proj): Linear(in_features=1024, out_features=1024, bias=True)
          (proj_drop): Dropout(p=0.0, inplace=False)
        )
        (ls1): LayerScale()
        (drop_path1): Identity()
        (norm2): LayerNorm((1024,), eps=1e-06, elementwise_affine=True)
        (mlp): Mlp(
          (fc1): Linear(in_features=1024, out_features=4096, bias=True)
          (act): GELU(approximate='none')
          (drop1): Dropout(p=0.0, inplace=False)
          (norm): Identity()
          (fc2): Linear(in_features=4096, out_features=1024, bias=True)
          (drop2): Dropout(p=0.0, inplace=False)
        )
        (ls2): LayerScale()
        (drop_path2): Identity()
      )
    )
    (norm): LayerNorm((1024,), eps=1e-06, elementwise_affine=True)
    (fc_norm): Identity()
    (head_drop): Dropout(p=0.0, inplace=False)
    (head): Identity()
  )
)
[2026-02-28 18:30:08,925] [    INFO] vit_factory.py:123 - Module(
  (model): VisionTransformer(
    (patch_embed): PatchEmbed(
      (proj): Conv2d(3, 1024, kernel_size=(16, 16), stride=(16, 16))
      (norm): Identity()
    )
    (pos_drop): Dropout(p=0.0, inplace=False)
    (patch_drop): Identity()
    (norm_pre): Identity()
    (blocks): Sequential(
      (0): Block(
        (norm1): LayerNorm((1024,), eps=1e-06, elementwise_affine=True)
        (attn): Attention(
          (qkv): Linear(in_features=1024, out_features=3072, bias=True)
          (q_norm): Identity()
          (k_norm): Identity()
          (attn_drop): Dropout(p=0.0, inplace=False)
          (norm): Identity()
          (proj): Linear(in_features=1024, out_features=1024, bias=True)
          (proj_drop): Dropout(p=0.0, inplace=False)
        )
        (ls1): LayerScale()
        (drop_path1): Identity()
        (norm2): LayerNorm((1024,), eps=1e-06, elementwise_affine=True)
        (mlp): Mlp(
          (fc1): Linear(in_features=1024, out_features=4096, bias=True)
          (act): GELU(approximate='none')
          (drop1): Dropout(p=0.0, inplace=False)
          (norm): Identity()
          (fc2): Linear(in_features=4096, out_features=1024, bias=True)
          (drop2): Dropout(p=0.0, inplace=False)
        )
        (ls2): LayerScale()
        (drop_path2): Identity()
      )
      (1): Block(
        (norm1): LayerNorm((1024,), eps=1e-06, elementwise_affine=True)
        (attn): Attention(
          (qkv): Linear(in_features=1024, out_features=3072, bias=True)
          (q_norm): Identity()
          (k_norm): Identity()
          (attn_drop): Dropout(p=0.0, inplace=False)
          (norm): Identity()
          (proj): Linear(in_features=1024, out_features=1024, bias=True)
          (proj_drop): Dropout(p=0.0, inplace=False)
        )
        (ls1): LayerScale()
        (drop_path1): Identity()
        (norm2): LayerNorm((1024,), eps=1e-06, elementwise_affine=True)
        (mlp): Mlp(
          (fc1): Linear(in_features=1024, out_features=4096, bias=True)
          (act): GELU(approximate='none')
          (drop1): Dropout(p=0.0, inplace=False)
          (norm): Identity()
          (fc2): Linear(in_features=4096, out_features=1024, bias=True)
          (drop2): Dropout(p=0.0, inplace=False)
        )
        (ls2): LayerScale()
        (drop_path2): Identity()
      )
      (2): Block(
        (norm1): LayerNorm((1024,), eps=1e-06, elementwise_affine=True)
        (attn): Attention(
          (qkv): Linear(in_features=1024, out_features=3072, bias=True)
          (q_norm): Identity()
          (k_norm): Identity()
          (attn_drop): Dropout(p=0.0, inplace=False)
          (norm): Identity()
          (proj): Linear(in_features=1024, out_features=1024, bias=True)
          (proj_drop): Dropout(p=0.0, inplace=False)
        )
        (ls1): LayerScale()
        (drop_path1): Identity()
        (norm2): LayerNorm((1024,), eps=1e-06, elementwise_affine=True)
        (mlp): Mlp(
          (fc1): Linear(in_features=1024, out_features=4096, bias=True)
          (act): GELU(approximate='none')
          (drop1): Dropout(p=0.0, inplace=False)
          (norm): Identity()
          (fc2): Linear(in_features=4096, out_features=1024, bias=True)
          (drop2): Dropout(p=0.0, inplace=False)
        )
        (ls2): LayerScale()
        (drop_path2): Identity()
      )
      (3): Block(
        (norm1): LayerNorm((1024,), eps=1e-06, elementwise_affine=True)
        (attn): Attention(
          (qkv): Linear(in_features=1024, out_features=3072, bias=True)
          (q_norm): Identity()
          (k_norm): Identity()
          (attn_drop): Dropout(p=0.0, inplace=False)
          (norm): Identity()
          (proj): Linear(in_features=1024, out_features=1024, bias=True)
          (proj_drop): Dropout(p=0.0, inplace=False)
        )
        (ls1): LayerScale()
        (drop_path1): Identity()
        (norm2): LayerNorm((1024,), eps=1e-06, elementwise_affine=True)
        (mlp): Mlp(
          (fc1): Linear(in_features=1024, out_features=4096, bias=True)
          (act): GELU(approximate='none')
          (drop1): Dropout(p=0.0, inplace=False)
          (norm): Identity()
          (fc2): Linear(in_features=4096, out_features=1024, bias=True)
          (drop2): Dropout(p=0.0, inplace=False)
        )
        (ls2): LayerScale()
        (drop_path2): Identity()
      )
      (4): Block(
        (norm1): LayerNorm((1024,), eps=1e-06, elementwise_affine=True)
        (attn): Attention(
          (qkv): Linear(in_features=1024, out_features=3072, bias=True)
          (q_norm): Identity()
          (k_norm): Identity()
          (attn_drop): Dropout(p=0.0, inplace=False)
          (norm): Identity()
          (proj): Linear(in_features=1024, out_features=1024, bias=True)
          (proj_drop): Dropout(p=0.0, inplace=False)
        )
        (ls1): LayerScale()
        (drop_path1): Identity()
        (norm2): LayerNorm((1024,), eps=1e-06, elementwise_affine=True)
        (mlp): Mlp(
          (fc1): Linear(in_features=1024, out_features=4096, bias=True)
          (act): GELU(approximate='none')
          (drop1): Dropout(p=0.0, inplace=False)
          (norm): Identity()
          (fc2): Linear(in_features=4096, out_features=1024, bias=True)
          (drop2): Dropout(p=0.0, inplace=False)
        )
        (ls2): LayerScale()
        (drop_path2): Identity()
      )
      (5): Block(
        (norm1): LayerNorm((1024,), eps=1e-06, elementwise_affine=True)
        (attn): Attention(
          (qkv): Linear(in_features=1024, out_features=3072, bias=True)
          (q_norm): Identity()
          (k_norm): Identity()
          (attn_drop): Dropout(p=0.0, inplace=False)
          (norm): Identity()
          (proj): Linear(in_features=1024, out_features=1024, bias=True)
          (proj_drop): Dropout(p=0.0, inplace=False)
        )
        (ls1): LayerScale()
        (drop_path1): Identity()
        (norm2): LayerNorm((1024,), eps=1e-06, elementwise_affine=True)
        (mlp): Mlp(
          (fc1): Linear(in_features=1024, out_features=4096, bias=True)
          (act): GELU(approximate='none')
          (drop1): Dropout(p=0.0, inplace=False)
          (norm): Identity()
          (fc2): Linear(in_features=4096, out_features=1024, bias=True)
          (drop2): Dropout(p=0.0, inplace=False)
        )
        (ls2): LayerScale()
        (drop_path2): Identity()
      )
      (6): Block(
        (norm1): LayerNorm((1024,), eps=1e-06, elementwise_affine=True)
        (attn): Attention(
          (qkv): Linear(in_features=1024, out_features=3072, bias=True)
          (q_norm): Identity()
          (k_norm): Identity()
          (attn_drop): Dropout(p=0.0, inplace=False)
          (norm): Identity()
          (proj): Linear(in_features=1024, out_features=1024, bias=True)
          (proj_drop): Dropout(p=0.0, inplace=False)
        )
        (ls1): LayerScale()
        (drop_path1): Identity()
        (norm2): LayerNorm((1024,), eps=1e-06, elementwise_affine=True)
        (mlp): Mlp(
          (fc1): Linear(in_features=1024, out_features=4096, bias=True)
          (act): GELU(approximate='none')
          (drop1): Dropout(p=0.0, inplace=False)
          (norm): Identity()
          (fc2): Linear(in_features=4096, out_features=1024, bias=True)
          (drop2): Dropout(p=0.0, inplace=False)
        )
        (ls2): LayerScale()
        (drop_path2): Identity()
      )
      (7): Block(
        (norm1): LayerNorm((1024,), eps=1e-06, elementwise_affine=True)
        (attn): Attention(
          (qkv): Linear(in_features=1024, out_features=3072, bias=True)
          (q_norm): Identity()
          (k_norm): Identity()
          (attn_drop): Dropout(p=0.0, inplace=False)
          (norm): Identity()
          (proj): Linear(in_features=1024, out_features=1024, bias=True)
          (proj_drop): Dropout(p=0.0, inplace=False)
        )
        (ls1): LayerScale()
        (drop_path1): Identity()
        (norm2): LayerNorm((1024,), eps=1e-06, elementwise_affine=True)
        (mlp): Mlp(
          (fc1): Linear(in_features=1024, out_features=4096, bias=True)
          (act): GELU(approximate='none')
          (drop1): Dropout(p=0.0, inplace=False)
          (norm): Identity()
          (fc2): Linear(in_features=4096, out_features=1024, bias=True)
          (drop2): Dropout(p=0.0, inplace=False)
        )
        (ls2): LayerScale()
        (drop_path2): Identity()
      )
      (8): Block(
        (norm1): LayerNorm((1024,), eps=1e-06, elementwise_affine=True)
        (attn): Attention(
          (qkv): Linear(in_features=1024, out_features=3072, bias=True)
          (q_norm): Identity()
          (k_norm): Identity()
          (attn_drop): Dropout(p=0.0, inplace=False)
          (norm): Identity()
          (proj): Linear(in_features=1024, out_features=1024, bias=True)
          (proj_drop): Dropout(p=0.0, inplace=False)
        )
        (ls1): LayerScale()
        (drop_path1): Identity()
        (norm2): LayerNorm((1024,), eps=1e-06, elementwise_affine=True)
        (mlp): Mlp(
          (fc1): Linear(in_features=1024, out_features=4096, bias=True)
          (act): GELU(approximate='none')
          (drop1): Dropout(p=0.0, inplace=False)
          (norm): Identity()
          (fc2): Linear(in_features=4096, out_features=1024, bias=True)
          (drop2): Dropout(p=0.0, inplace=False)
        )
        (ls2): LayerScale()
        (drop_path2): Identity()
      )
      (9): Block(
        (norm1): LayerNorm((1024,), eps=1e-06, elementwise_affine=True)
        (attn): Attention(
          (qkv): Linear(in_features=1024, out_features=3072, bias=True)
          (q_norm): Identity()
          (k_norm): Identity()
          (attn_drop): Dropout(p=0.0, inplace=False)
          (norm): Identity()
          (proj): Linear(in_features=1024, out_features=1024, bias=True)
          (proj_drop): Dropout(p=0.0, inplace=False)
        )
        (ls1): LayerScale()
        (drop_path1): Identity()
        (norm2): LayerNorm((1024,), eps=1e-06, elementwise_affine=True)
        (mlp): Mlp(
          (fc1): Linear(in_features=1024, out_features=4096, bias=True)
          (act): GELU(approximate='none')
          (drop1): Dropout(p=0.0, inplace=False)
          (norm): Identity()
          (fc2): Linear(in_features=4096, out_features=1024, bias=True)
          (drop2): Dropout(p=0.0, inplace=False)
        )
        (ls2): LayerScale()
        (drop_path2): Identity()
      )
      (10): Block(
        (norm1): LayerNorm((1024,), eps=1e-06, elementwise_affine=True)
        (attn): Attention(
          (qkv): Linear(in_features=1024, out_features=3072, bias=True)
          (q_norm): Identity()
          (k_norm): Identity()
          (attn_drop): Dropout(p=0.0, inplace=False)
          (norm): Identity()
          (proj): Linear(in_features=1024, out_features=1024, bias=True)
          (proj_drop): Dropout(p=0.0, inplace=False)
        )
        (ls1): LayerScale()
        (drop_path1): Identity()
        (norm2): LayerNorm((1024,), eps=1e-06, elementwise_affine=True)
        (mlp): Mlp(
          (fc1): Linear(in_features=1024, out_features=4096, bias=True)
          (act): GELU(approximate='none')
          (drop1): Dropout(p=0.0, inplace=False)
          (norm): Identity()
          (fc2): Linear(in_features=4096, out_features=1024, bias=True)
          (drop2): Dropout(p=0.0, inplace=False)
        )
        (ls2): LayerScale()
        (drop_path2): Identity()
      )
      (11): Block(
        (norm1): LayerNorm((1024,), eps=1e-06, elementwise_affine=True)
        (attn): Attention(
          (qkv): Linear(in_features=1024, out_features=3072, bias=True)
          (q_norm): Identity()
          (k_norm): Identity()
          (attn_drop): Dropout(p=0.0, inplace=False)
          (norm): Identity()
          (proj): Linear(in_features=1024, out_features=1024, bias=True)
          (proj_drop): Dropout(p=0.0, inplace=False)
        )
        (ls1): LayerScale()
        (drop_path1): Identity()
        (norm2): LayerNorm((1024,), eps=1e-06, elementwise_affine=True)
        (mlp): Mlp(
          (fc1): Linear(in_features=1024, out_features=4096, bias=True)
          (act): GELU(approximate='none')
          (drop1): Dropout(p=0.0, inplace=False)
          (norm): Identity()
          (fc2): Linear(in_features=4096, out_features=1024, bias=True)
          (drop2): Dropout(p=0.0, inplace=False)
        )
        (ls2): LayerScale()
        (drop_path2): Identity()
      )
      (12): Block(
        (norm1): LayerNorm((1024,), eps=1e-06, elementwise_affine=True)
        (attn): Attention(
          (qkv): Linear(in_features=1024, out_features=3072, bias=True)
          (q_norm): Identity()
          (k_norm): Identity()
          (attn_drop): Dropout(p=0.0, inplace=False)
          (norm): Identity()
          (proj): Linear(in_features=1024, out_features=1024, bias=True)
          (proj_drop): Dropout(p=0.0, inplace=False)
        )
        (ls1): LayerScale()
        (drop_path1): Identity()
        (norm2): LayerNorm((1024,), eps=1e-06, elementwise_affine=True)
        (mlp): Mlp(
          (fc1): Linear(in_features=1024, out_features=4096, bias=True)
          (act): GELU(approximate='none')
          (drop1): Dropout(p=0.0, inplace=False)
          (norm): Identity()
          (fc2): Linear(in_features=4096, out_features=1024, bias=True)
          (drop2): Dropout(p=0.0, inplace=False)
        )
        (ls2): LayerScale()
        (drop_path2): Identity()
      )
      (13): Block(
        (norm1): LayerNorm((1024,), eps=1e-06, elementwise_affine=True)
        (attn): Attention(
          (qkv): Linear(in_features=1024, out_features=3072, bias=True)
          (q_norm): Identity()
          (k_norm): Identity()
          (attn_drop): Dropout(p=0.0, inplace=False)
          (norm): Identity()
          (proj): Linear(in_features=1024, out_features=1024, bias=True)
          (proj_drop): Dropout(p=0.0, inplace=False)
        )
        (ls1): LayerScale()
        (drop_path1): Identity()
        (norm2): LayerNorm((1024,), eps=1e-06, elementwise_affine=True)
        (mlp): Mlp(
          (fc1): Linear(in_features=1024, out_features=4096, bias=True)
          (act): GELU(approximate='none')
          (drop1): Dropout(p=0.0, inplace=False)
          (norm): Identity()
          (fc2): Linear(in_features=4096, out_features=1024, bias=True)
          (drop2): Dropout(p=0.0, inplace=False)
        )
        (ls2): LayerScale()
        (drop_path2): Identity()
      )
      (14): Block(
        (norm1): LayerNorm((1024,), eps=1e-06, elementwise_affine=True)
        (attn): Attention(
          (qkv): Linear(in_features=1024, out_features=3072, bias=True)
          (q_norm): Identity()
          (k_norm): Identity()
          (attn_drop): Dropout(p=0.0, inplace=False)
          (norm): Identity()
          (proj): Linear(in_features=1024, out_features=1024, bias=True)
          (proj_drop): Dropout(p=0.0, inplace=False)
        )
        (ls1): LayerScale()
        (drop_path1): Identity()
        (norm2): LayerNorm((1024,), eps=1e-06, elementwise_affine=True)
        (mlp): Mlp(
          (fc1): Linear(in_features=1024, out_features=4096, bias=True)
          (act): GELU(approximate='none')
          (drop1): Dropout(p=0.0, inplace=False)
          (norm): Identity()
          (fc2): Linear(in_features=4096, out_features=1024, bias=True)
          (drop2): Dropout(p=0.0, inplace=False)
        )
        (ls2): LayerScale()
        (drop_path2): Identity()
      )
      (15): Block(
        (norm1): LayerNorm((1024,), eps=1e-06, elementwise_affine=True)
        (attn): Attention(
          (qkv): Linear(in_features=1024, out_features=3072, bias=True)
          (q_norm): Identity()
          (k_norm): Identity()
          (attn_drop): Dropout(p=0.0, inplace=False)
          (norm): Identity()
          (proj): Linear(in_features=1024, out_features=1024, bias=True)
          (proj_drop): Dropout(p=0.0, inplace=False)
        )
        (ls1): LayerScale()
        (drop_path1): Identity()
        (norm2): LayerNorm((1024,), eps=1e-06, elementwise_affine=True)
        (mlp): Mlp(
          (fc1): Linear(in_features=1024, out_features=4096, bias=True)
          (act): GELU(approximate='none')
          (drop1): Dropout(p=0.0, inplace=False)
          (norm): Identity()
          (fc2): Linear(in_features=4096, out_features=1024, bias=True)
          (drop2): Dropout(p=0.0, inplace=False)
        )
        (ls2): LayerScale()
        (drop_path2): Identity()
      )
      (16): Block(
        (norm1): LayerNorm((1024,), eps=1e-06, elementwise_affine=True)
        (attn): Attention(
          (qkv): Linear(in_features=1024, out_features=3072, bias=True)
          (q_norm): Identity()
          (k_norm): Identity()
          (attn_drop): Dropout(p=0.0, inplace=False)
          (norm): Identity()
          (proj): Linear(in_features=1024, out_features=1024, bias=True)
          (proj_drop): Dropout(p=0.0, inplace=False)
        )
        (ls1): LayerScale()
        (drop_path1): Identity()
        (norm2): LayerNorm((1024,), eps=1e-06, elementwise_affine=True)
        (mlp): Mlp(
          (fc1): Linear(in_features=1024, out_features=4096, bias=True)
          (act): GELU(approximate='none')
          (drop1): Dropout(p=0.0, inplace=False)
          (norm): Identity()
          (fc2): Linear(in_features=4096, out_features=1024, bias=True)
          (drop2): Dropout(p=0.0, inplace=False)
        )
        (ls2): LayerScale()
        (drop_path2): Identity()
      )
      (17): Block(
        (norm1): LayerNorm((1024,), eps=1e-06, elementwise_affine=True)
        (attn): Attention(
          (qkv): Linear(in_features=1024, out_features=3072, bias=True)
          (q_norm): Identity()
          (k_norm): Identity()
          (attn_drop): Dropout(p=0.0, inplace=False)
          (norm): Identity()
          (proj): Linear(in_features=1024, out_features=1024, bias=True)
          (proj_drop): Dropout(p=0.0, inplace=False)
        )
        (ls1): LayerScale()
        (drop_path1): Identity()
        (norm2): LayerNorm((1024,), eps=1e-06, elementwise_affine=True)
        (mlp): Mlp(
          (fc1): Linear(in_features=1024, out_features=4096, bias=True)
          (act): GELU(approximate='none')
          (drop1): Dropout(p=0.0, inplace=False)
          (norm): Identity()
          (fc2): Linear(in_features=4096, out_features=1024, bias=True)
          (drop2): Dropout(p=0.0, inplace=False)
        )
        (ls2): LayerScale()
        (drop_path2): Identity()
      )
      (18): Block(
        (norm1): LayerNorm((1024,), eps=1e-06, elementwise_affine=True)
        (attn): Attention(
          (qkv): Linear(in_features=1024, out_features=3072, bias=True)
          (q_norm): Identity()
          (k_norm): Identity()
          (attn_drop): Dropout(p=0.0, inplace=False)
          (norm): Identity()
          (proj): Linear(in_features=1024, out_features=1024, bias=True)
          (proj_drop): Dropout(p=0.0, inplace=False)
        )
        (ls1): LayerScale()
        (drop_path1): Identity()
        (norm2): LayerNorm((1024,), eps=1e-06, elementwise_affine=True)
        (mlp): Mlp(
          (fc1): Linear(in_features=1024, out_features=4096, bias=True)
          (act): GELU(approximate='none')
          (drop1): Dropout(p=0.0, inplace=False)
          (norm): Identity()
          (fc2): Linear(in_features=4096, out_features=1024, bias=True)
          (drop2): Dropout(p=0.0, inplace=False)
        )
        (ls2): LayerScale()
        (drop_path2): Identity()
      )
      (19): Block(
        (norm1): LayerNorm((1024,), eps=1e-06, elementwise_affine=True)
        (attn): Attention(
          (qkv): Linear(in_features=1024, out_features=3072, bias=True)
          (q_norm): Identity()
          (k_norm): Identity()
          (attn_drop): Dropout(p=0.0, inplace=False)
          (norm): Identity()
          (proj): Linear(in_features=1024, out_features=1024, bias=True)
          (proj_drop): Dropout(p=0.0, inplace=False)
        )
        (ls1): LayerScale()
        (drop_path1): Identity()
        (norm2): LayerNorm((1024,), eps=1e-06, elementwise_affine=True)
        (mlp): Mlp(
          (fc1): Linear(in_features=1024, out_features=4096, bias=True)
          (act): GELU(approximate='none')
          (drop1): Dropout(p=0.0, inplace=False)
          (norm): Identity()
          (fc2): Linear(in_features=4096, out_features=1024, bias=True)
          (drop2): Dropout(p=0.0, inplace=False)
        )
        (ls2): LayerScale()
        (drop_path2): Identity()
      )
      (20): Block(
        (norm1): LayerNorm((1024,), eps=1e-06, elementwise_affine=True)
        (attn): Attention(
          (qkv): Linear(in_features=1024, out_features=3072, bias=True)
          (q_norm): Identity()
          (k_norm): Identity()
          (attn_drop): Dropout(p=0.0, inplace=False)
          (norm): Identity()
          (proj): Linear(in_features=1024, out_features=1024, bias=True)
          (proj_drop): Dropout(p=0.0, inplace=False)
        )
        (ls1): LayerScale()
        (drop_path1): Identity()
        (norm2): LayerNorm((1024,), eps=1e-06, elementwise_affine=True)
        (mlp): Mlp(
          (fc1): Linear(in_features=1024, out_features=4096, bias=True)
          (act): GELU(approximate='none')
          (drop1): Dropout(p=0.0, inplace=False)
          (norm): Identity()
          (fc2): Linear(in_features=4096, out_features=1024, bias=True)
          (drop2): Dropout(p=0.0, inplace=False)
        )
        (ls2): LayerScale()
        (drop_path2): Identity()
      )
      (21): Block(
        (norm1): LayerNorm((1024,), eps=1e-06, elementwise_affine=True)
        (attn): Attention(
          (qkv): Linear(in_features=1024, out_features=3072, bias=True)
          (q_norm): Identity()
          (k_norm): Identity()
          (attn_drop): Dropout(p=0.0, inplace=False)
          (norm): Identity()
          (proj): Linear(in_features=1024, out_features=1024, bias=True)
          (proj_drop): Dropout(p=0.0, inplace=False)
        )
        (ls1): LayerScale()
        (drop_path1): Identity()
        (norm2): LayerNorm((1024,), eps=1e-06, elementwise_affine=True)
        (mlp): Mlp(
          (fc1): Linear(in_features=1024, out_features=4096, bias=True)
          (act): GELU(approximate='none')
          (drop1): Dropout(p=0.0, inplace=False)
          (norm): Identity()
          (fc2): Linear(in_features=4096, out_features=1024, bias=True)
          (drop2): Dropout(p=0.0, inplace=False)
        )
        (ls2): LayerScale()
        (drop_path2): Identity()
      )
      (22): Block(
        (norm1): LayerNorm((1024,), eps=1e-06, elementwise_affine=True)
        (attn): Attention(
          (qkv): Linear(in_features=1024, out_features=3072, bias=True)
          (q_norm): Identity()
          (k_norm): Identity()
          (attn_drop): Dropout(p=0.0, inplace=False)
          (norm): Identity()
          (proj): Linear(in_features=1024, out_features=1024, bias=True)
          (proj_drop): Dropout(p=0.0, inplace=False)
        )
        (ls1): LayerScale()
        (drop_path1): Identity()
        (norm2): LayerNorm((1024,), eps=1e-06, elementwise_affine=True)
        (mlp): Mlp(
          (fc1): Linear(in_features=1024, out_features=4096, bias=True)
          (act): GELU(approximate='none')
          (drop1): Dropout(p=0.0, inplace=False)
          (norm): Identity()
          (fc2): Linear(in_features=4096, out_features=1024, bias=True)
          (drop2): Dropout(p=0.0, inplace=False)
        )
        (ls2): LayerScale()
        (drop_path2): Identity()
      )
      (23): Block(
        (norm1): LayerNorm((1024,), eps=1e-06, elementwise_affine=True)
        (attn): Attention(
          (qkv): Linear(in_features=1024, out_features=3072, bias=True)
          (q_norm): Identity()
          (k_norm): Identity()
          (attn_drop): Dropout(p=0.0, inplace=False)
          (norm): Identity()
          (proj): Linear(in_features=1024, out_features=1024, bias=True)
          (proj_drop): Dropout(p=0.0, inplace=False)
        )
        (ls1): LayerScale()
        (drop_path1): Identity()
        (norm2): LayerNorm((1024,), eps=1e-06, elementwise_affine=True)
        (mlp): Mlp(
          (fc1): Linear(in_features=1024, out_features=4096, bias=True)
          (act): GELU(approximate='none')
          (drop1): Dropout(p=0.0, inplace=False)
          (norm): Identity()
          (fc2): Linear(in_features=4096, out_features=1024, bias=True)
          (drop2): Dropout(p=0.0, inplace=False)
        )
        (ls2): LayerScale()
        (drop_path2): Identity()
      )
    )
    (norm): LayerNorm((1024,), eps=1e-06, elementwise_affine=True)
    (fc_norm): Identity()
    (head_drop): Dropout(p=0.0, inplace=False)
    (head): Identity()
  )
)
